Archive member included to satisfy reference by file (symbol)

c:/users/natha/devtools/arm-gnu-toolchain-12.2.mpacbti-bet1-mingw-w64-i686-arm-none-eabi/bin/../lib/gcc/arm-none-eabi/12.2.0/thumb/v7e-m+fp/hard\libc_nano.a(libc_a-exit.o)
                              c:/users/natha/devtools/arm-gnu-toolchain-12.2.mpacbti-bet1-mingw-w64-i686-arm-none-eabi/bin/../lib/gcc/arm-none-eabi/12.2.0/thumb/v7e-m+fp/hard/crt0.o (exit)
c:/users/natha/devtools/arm-gnu-toolchain-12.2.mpacbti-bet1-mingw-w64-i686-arm-none-eabi/bin/../lib/gcc/arm-none-eabi/12.2.0/thumb/v7e-m+fp/hard\libc_nano.a(libc_a-findfp.o)
                              c:/users/natha/devtools/arm-gnu-toolchain-12.2.mpacbti-bet1-mingw-w64-i686-arm-none-eabi/bin/../lib/gcc/arm-none-eabi/12.2.0/thumb/v7e-m+fp/hard\libc_nano.a(libc_a-exit.o) (__stdio_exit_handler)
c:/users/natha/devtools/arm-gnu-toolchain-12.2.mpacbti-bet1-mingw-w64-i686-arm-none-eabi/bin/../lib/gcc/arm-none-eabi/12.2.0/thumb/v7e-m+fp/hard\libc_nano.a(libc_a-fwalk.o)
                              c:/users/natha/devtools/arm-gnu-toolchain-12.2.mpacbti-bet1-mingw-w64-i686-arm-none-eabi/bin/../lib/gcc/arm-none-eabi/12.2.0/thumb/v7e-m+fp/hard\libc_nano.a(libc_a-findfp.o) (_fwalk_sglue)
c:/users/natha/devtools/arm-gnu-toolchain-12.2.mpacbti-bet1-mingw-w64-i686-arm-none-eabi/bin/../lib/gcc/arm-none-eabi/12.2.0/thumb/v7e-m+fp/hard\libc_nano.a(libc_a-sprintf.o)
                              build/main.o (sprintf)
c:/users/natha/devtools/arm-gnu-toolchain-12.2.mpacbti-bet1-mingw-w64-i686-arm-none-eabi/bin/../lib/gcc/arm-none-eabi/12.2.0/thumb/v7e-m+fp/hard\libc_nano.a(libc_a-stdio.o)
                              c:/users/natha/devtools/arm-gnu-toolchain-12.2.mpacbti-bet1-mingw-w64-i686-arm-none-eabi/bin/../lib/gcc/arm-none-eabi/12.2.0/thumb/v7e-m+fp/hard\libc_nano.a(libc_a-findfp.o) (__sread)
c:/users/natha/devtools/arm-gnu-toolchain-12.2.mpacbti-bet1-mingw-w64-i686-arm-none-eabi/bin/../lib/gcc/arm-none-eabi/12.2.0/thumb/v7e-m+fp/hard\libc_nano.a(libc_a-memset.o)
                              c:/users/natha/devtools/arm-gnu-toolchain-12.2.mpacbti-bet1-mingw-w64-i686-arm-none-eabi/bin/../lib/gcc/arm-none-eabi/12.2.0/thumb/v7e-m+fp/hard/crt0.o (memset)
c:/users/natha/devtools/arm-gnu-toolchain-12.2.mpacbti-bet1-mingw-w64-i686-arm-none-eabi/bin/../lib/gcc/arm-none-eabi/12.2.0/thumb/v7e-m+fp/hard\libc_nano.a(libc_a-closer.o)
                              c:/users/natha/devtools/arm-gnu-toolchain-12.2.mpacbti-bet1-mingw-w64-i686-arm-none-eabi/bin/../lib/gcc/arm-none-eabi/12.2.0/thumb/v7e-m+fp/hard\libc_nano.a(libc_a-stdio.o) (_close_r)
c:/users/natha/devtools/arm-gnu-toolchain-12.2.mpacbti-bet1-mingw-w64-i686-arm-none-eabi/bin/../lib/gcc/arm-none-eabi/12.2.0/thumb/v7e-m+fp/hard\libc_nano.a(libc_a-reent.o)
                              c:/users/natha/devtools/arm-gnu-toolchain-12.2.mpacbti-bet1-mingw-w64-i686-arm-none-eabi/bin/../lib/gcc/arm-none-eabi/12.2.0/thumb/v7e-m+fp/hard\libc_nano.a(libc_a-closer.o) (errno)
c:/users/natha/devtools/arm-gnu-toolchain-12.2.mpacbti-bet1-mingw-w64-i686-arm-none-eabi/bin/../lib/gcc/arm-none-eabi/12.2.0/thumb/v7e-m+fp/hard\libc_nano.a(libc_a-impure.o)
                              c:/users/natha/devtools/arm-gnu-toolchain-12.2.mpacbti-bet1-mingw-w64-i686-arm-none-eabi/bin/../lib/gcc/arm-none-eabi/12.2.0/thumb/v7e-m+fp/hard\libc_nano.a(libc_a-sprintf.o) (_impure_ptr)
c:/users/natha/devtools/arm-gnu-toolchain-12.2.mpacbti-bet1-mingw-w64-i686-arm-none-eabi/bin/../lib/gcc/arm-none-eabi/12.2.0/thumb/v7e-m+fp/hard\libc_nano.a(libc_a-lseekr.o)
                              c:/users/natha/devtools/arm-gnu-toolchain-12.2.mpacbti-bet1-mingw-w64-i686-arm-none-eabi/bin/../lib/gcc/arm-none-eabi/12.2.0/thumb/v7e-m+fp/hard\libc_nano.a(libc_a-stdio.o) (_lseek_r)
c:/users/natha/devtools/arm-gnu-toolchain-12.2.mpacbti-bet1-mingw-w64-i686-arm-none-eabi/bin/../lib/gcc/arm-none-eabi/12.2.0/thumb/v7e-m+fp/hard\libc_nano.a(libc_a-readr.o)
                              c:/users/natha/devtools/arm-gnu-toolchain-12.2.mpacbti-bet1-mingw-w64-i686-arm-none-eabi/bin/../lib/gcc/arm-none-eabi/12.2.0/thumb/v7e-m+fp/hard\libc_nano.a(libc_a-stdio.o) (_read_r)
c:/users/natha/devtools/arm-gnu-toolchain-12.2.mpacbti-bet1-mingw-w64-i686-arm-none-eabi/bin/../lib/gcc/arm-none-eabi/12.2.0/thumb/v7e-m+fp/hard\libc_nano.a(libc_a-writer.o)
                              c:/users/natha/devtools/arm-gnu-toolchain-12.2.mpacbti-bet1-mingw-w64-i686-arm-none-eabi/bin/../lib/gcc/arm-none-eabi/12.2.0/thumb/v7e-m+fp/hard\libc_nano.a(libc_a-stdio.o) (_write_r)
c:/users/natha/devtools/arm-gnu-toolchain-12.2.mpacbti-bet1-mingw-w64-i686-arm-none-eabi/bin/../lib/gcc/arm-none-eabi/12.2.0/thumb/v7e-m+fp/hard\libc_nano.a(libc_a-init.o)
                              c:/users/natha/devtools/arm-gnu-toolchain-12.2.mpacbti-bet1-mingw-w64-i686-arm-none-eabi/bin/../lib/gcc/arm-none-eabi/12.2.0/thumb/v7e-m+fp/hard/crt0.o (__libc_init_array)
[...]
Memory Configuration

Name             Origin             Length             Attributes
RAM              0x20000000         0x00018000         xrw
FLASH            0x08000000         0x00080000         xr
*default*        0x00000000         0xffffffff

Linker script and memory map

LOAD c:/users/natha/devtools/arm-gnu-toolchain-12.2.mpacbti-bet1-mingw-w64-i686-arm-none-eabi/bin/../lib/gcc/arm-none-eabi/12.2.0/thumb/v7e-m+fp/hard/crti.o
LOAD c:/users/natha/devtools/arm-gnu-toolchain-12.2.mpacbti-bet1-mingw-w64-i686-arm-none-eabi/bin/../lib/gcc/arm-none-eabi/12.2.0/thumb/v7e-m+fp/hard/crtbegin.o
LOAD c:/users/natha/devtools/arm-gnu-toolchain-12.2.mpacbti-bet1-mingw-w64-i686-arm-none-eabi/bin/../lib/gcc/arm-none-eabi/12.2.0/thumb/v7e-m+fp/hard/crt0.o
LOAD build/main.o
LOAD build/stm32f4xx_it.o
LOAD build/stm32f4xx_hal_msp.o
LOAD build/stm32f4xx_hal_tim.o
LOAD build/stm32f4xx_hal_tim_ex.o
LOAD build/stm32f4xx_hal_rcc.o
LOAD build/stm32f4xx_hal_rcc_ex.o
LOAD build/stm32f4xx_hal_flash.o
LOAD build/stm32f4xx_hal_flash_ex.o
LOAD build/stm32f4xx_hal_flash_ramfunc.o
LOAD build/stm32f4xx_hal_gpio.o
LOAD build/stm32f4xx_hal_dma_ex.o
LOAD build/stm32f4xx_hal_dma.o
LOAD build/stm32f4xx_hal_pwr.o
LOAD build/stm32f4xx_hal_pwr_ex.o
LOAD build/stm32f4xx_hal_cortex.o
LOAD build/stm32f4xx_hal.o
LOAD build/stm32f4xx_hal_exti.o
LOAD build/stm32f4xx_hal_uart.o
LOAD build/system_stm32f4xx.o
LOAD build/stm32f4xx_hal_adc.o
LOAD build/stm32f4xx_hal_adc_ex.o
LOAD build/stm32f4xx_ll_adc.o
LOAD build/motor_functions.o
LOAD build/switches.o
LOAD build/MB1040.o
LOAD build/mpu6050.o
LOAD build/logging.o
LOAD build/stm32f4xx_hal_i2c.o
LOAD build/stm32f4xx_hal_i2c_ex.o
LOAD build/startup_stm32f401xe.o
LOAD c:/users/natha/devtools/arm-gnu-toolchain-12.2.mpacbti-bet1-mingw-w64-i686-arm-none-eabi/bin/../lib/gcc/arm-none-eabi/12.2.0/thumb/v7e-m+fp/hard\libc_nano.a
LOAD c:/users/natha/devtools/arm-gnu-toolchain-12.2.mpacbti-bet1-mingw-w64-i686-arm-none-eabi/bin/../lib/gcc/arm-none-eabi/12.2.0/thumb/v7e-m+fp/hard\libm.a
LOAD c:/users/natha/devtools/arm-gnu-toolchain-12.2.mpacbti-bet1-mingw-w64-i686-arm-none-eabi/bin/../lib/gcc/arm-none-eabi/12.2.0/thumb/v7e-m+fp/hard\libnosys.a
START GROUP
LOAD c:/users/natha/devtools/arm-gnu-toolchain-12.2.mpacbti-bet1-mingw-w64-i686-arm-none-eabi/bin/../lib/gcc/arm-none-eabi/12.2.0/thumb/v7e-m+fp/hard\libgcc.a
LOAD c:/users/natha/devtools/arm-gnu-toolchain-12.2.mpacbti-bet1-mingw-w64-i686-arm-none-eabi/bin/../lib/gcc/arm-none-eabi/12.2.0/thumb/v7e-m+fp/hard\libc_nano.a
END GROUP
START GROUP
LOAD c:/users/natha/devtools/arm-gnu-toolchain-12.2.mpacbti-bet1-mingw-w64-i686-arm-none-eabi/bin/../lib/gcc/arm-none-eabi/12.2.0/thumb/v7e-m+fp/hard\libgcc.a
LOAD c:/users/natha/devtools/arm-gnu-toolchain-12.2.mpacbti-bet1-mingw-w64-i686-arm-none-eabi/bin/../lib/gcc/arm-none-eabi/12.2.0/thumb/v7e-m+fp/hard\libc_nano.a
END GROUP
LOAD c:/users/natha/devtools/arm-gnu-toolchain-12.2.mpacbti-bet1-mingw-w64-i686-arm-none-eabi/bin/../lib/gcc/arm-none-eabi/12.2.0/thumb/v7e-m+fp/hard/crtend.o
LOAD c:/users/natha/devtools/arm-gnu-toolchain-12.2.mpacbti-bet1-mingw-w64-i686-arm-none-eabi/bin/../lib/gcc/arm-none-eabi/12.2.0/thumb/v7e-m+fp/hard/crtn.o
                0x20018000                        _estack = (ORIGIN (RAM) + LENGTH (RAM))
                0x00000200                        _Min_Heap_Size = 0x200
                0x00000400                        _Min_Stack_Size = 0x400

.isr_vector     0x08000000      0x194
                0x08000000                        . = ALIGN (0x4)
 *(.isr_vector)
 .isr_vector    0x08000000      0x194 build/startup_stm32f401xe.o
                0x08000000                g_pfnVectors
                0x08000194                        . = ALIGN (0x4)

.text           0x080001a0     0x4cf0
                0x080001a0                        . = ALIGN (0x4)
 *(.text)
 .text          0x080001a0       0x10 c:/users/natha/devtools/arm-gnu-toolchain-12.2.mpacbti-bet1-mingw-w64-i686-arm-none-eabi/bin/../lib/gcc/arm-none-eabi/12.2.0/thumb/v7e-m+fp/hard\libc_nano.a(libc_a-strlen.o)
                0x080001a0                strlen
 .text          0x080001b0       0xa0 c:/users/natha/devtools/arm-gnu-toolchain-12.2.mpacbti-bet1-mingw-w64-i686-arm-none-eabi/bin/../lib/gcc/arm-none-eabi/12.2.0/thumb/v7e-m+fp/hard\libc_nano.a(libc_a-memchr.o)
                0x080001b0                memchr
 .text          0x08000250      0x378 c:/users/natha/devtools/arm-gnu-toolchain-12.2.mpacbti-bet1-mingw-w64-i686-arm-none-eabi/bin/../lib/gcc/arm-none-eabi/12.2.0/thumb/v7e-m+fp/hard\libgcc.a(_arm_addsubdf3.o)
                0x08000250                __aeabi_drsub
                0x08000258                __aeabi_dsub
                0x08000258                __subdf3
                0x0800025c                __aeabi_dadd
                0x0800025c                __adddf3
                0x080004d4                __floatunsidf
                0x080004d4                __aeabi_ui2d
                0x080004f4                __floatsidf
                0x080004f4                __aeabi_i2d
                0x08000518                __aeabi_f2d
                0x08000518                __extendsfdf2
                0x0800055c                __floatundidf
                0x0800055c                __aeabi_ul2d
                0x0800056c                __floatdidf
                0x0800056c                __aeabi_l2d
 .text          0x080005c8      0x424 c:/users/natha/devtools/arm-gnu-toolchain-12.2.mpacbti-bet1-mingw-w64-i686-arm-none-eabi/bin/../lib/gcc/arm-none-eabi/12.2.0/thumb/v7e-m+fp/hard\libgcc.a(_arm_muldivdf3.o)
                0x080005c8                __aeabi_dmul
                0x080005c8                __muldf3
                0x0800081c                __divdf3
                0x0800081c                __aeabi_ddiv
 .text          0x080009ec      0x110 c:/users/natha/devtools/arm-gnu-toolchain-12.2.mpacbti-bet1-mingw-w64-i686-arm-none-eabi/bin/../lib/gcc/arm-none-eabi/12.2.0/thumb/v7e-m+fp/hard\libgcc.a(_arm_cmpdf2.o)
                0x080009ec                __gtdf2
                0x080009ec                __gedf2
                0x080009f4                __ltdf2
                0x080009f4                __ledf2
                0x080009fc                __nedf2
                0x080009fc                __eqdf2
                0x080009fc                __cmpdf2
                0x08000a78                __aeabi_cdrcmple
                0x08000a88                __aeabi_cdcmpeq
                0x08000a88                __aeabi_cdcmple
                0x08000a98                __aeabi_dcmpeq
                0x08000aac                __aeabi_dcmplt
                0x08000ac0                __aeabi_dcmple
                0x08000ad4                __aeabi_dcmpge
                0x08000ae8                __aeabi_dcmpgt
 .text          0x08000afc       0x2c c:/users/natha/devtools/arm-gnu-toolchain-12.2.mpacbti-bet1-mingw-w64-i686-arm-none-eabi/bin/../lib/gcc/arm-none-eabi/12.2.0/thumb/v7e-m+fp/hard\libgcc.a(_arm_unorddf2.o)
                0x08000afc                __unorddf2
                0x08000afc                __aeabi_dcmpun
 .text          0x08000b28       0x40 c:/users/natha/devtools/arm-gnu-toolchain-12.2.mpacbti-bet1-mingw-w64-i686-arm-none-eabi/bin/../lib/gcc/arm-none-eabi/12.2.0/thumb/v7e-m+fp/hard\libgcc.a(_arm_fixunsdfsi.o)
                0x08000b28                __aeabi_d2uiz
                0x08000b28                __fixunsdfsi
 .text          0x08000b68       0x30 c:/users/natha/devtools/arm-gnu-toolchain-12.2.mpacbti-bet1-mingw-w64-i686-arm-none-eabi/bin/../lib/gcc/arm-none-eabi/12.2.0/thumb/v7e-m+fp/hard\libgcc.a(_aeabi_uldivmod.o)
                0x08000b68                __aeabi_uldivmod
 .text          0x08000b98        0x4 c:/users/natha/devtools/arm-gnu-toolchain-12.2.mpacbti-bet1-mingw-w64-i686-arm-none-eabi/bin/../lib/gcc/arm-none-eabi/12.2.0/thumb/v7e-m+fp/hard\libgcc.a(_dvmd_tls.o)
                0x08000b98                __aeabi_idiv0
                0x08000b98                __aeabi_ldiv0
 *(.text*)
 .text.deregister_tm_clones
                0x08000b9c       0x1c c:/users/natha/devtools/arm-gnu-toolchain-12.2.mpacbti-bet1-mingw-w64-i686-arm-none-eabi/bin/../lib/gcc/arm-none-eabi/12.2.0/thumb/v7e-m+fp/hard/crtbegin.o
 .text.register_tm_clones
                0x08000bb8       0x24 c:/users/natha/devtools/arm-gnu-toolchain-12.2.mpacbti-bet1-mingw-w64-i686-arm-none-eabi/bin/../lib/gcc/arm-none-eabi/12.2.0/thumb/v7e-m+fp/hard/crtbegin.o
 .text.__do_global_dtors_aux
                0x08000bdc       0x28 c:/users/natha/devtools/arm-gnu-toolchain-12.2.mpacbti-bet1-mingw-w64-i686-arm-none-eabi/bin/../lib/gcc/arm-none-eabi/12.2.0/thumb/v7e-m+fp/hard/crtbegin.o
 .text.frame_dummy
                0x08000c04       0x24 c:/users/natha/devtools/arm-gnu-toolchain-12.2.mpacbti-bet1-mingw-w64-i686-arm-none-eabi/bin/../lib/gcc/arm-none-eabi/12.2.0/thumb/v7e-m+fp/hard/crtbegin.o
 .text.MX_GPIO_Init
                0x08000c28      0x10c build/main.o
 .text.Error_Handler
                0x08000d34        0x4 build/main.o
                0x08000d34                Error_Handler
 .text.MX_USART2_UART_Init
                0x08000d38       0x34 build/main.o
 .text.MX_TIM3_Init
                0x08000d6c       0xa0 build/main.o
 .text.MX_ADC1_Init
                0x08000e0c       0x6c build/main.o
 .text.MX_I2C1_Init
                0x08000e78       0x38 build/main.o
 .text.SystemClock_Config
                0x08000eb0       0xa4 build/main.o
                0x08000eb0                SystemClock_Config
 .text.main     0x08000f54      0x208 build/main.o
                0x08000f54                main
 .text.NMI_Handler
                0x0800115c        0x2 build/stm32f4xx_it.o
                0x0800115c                NMI_Handler
 .text.HardFault_Handler
                0x0800115e        0x2 build/stm32f4xx_it.o
                0x0800115e                HardFault_Handler
 .text.MemManage_Handler
                0x08001160        0x2 build/stm32f4xx_it.o
                0x08001160                MemManage_Handler
 .text.BusFault_Handler
                0x08001162        0x2 build/stm32f4xx_it.o
                0x08001162                BusFault_Handler
 .text.UsageFault_Handler
                0x08001164        0x2 build/stm32f4xx_it.o
                0x08001164                UsageFault_Handler
 .text.SVC_Handler
                0x08001166        0x2 build/stm32f4xx_it.o
                0x08001166                SVC_Handler
 .text.DebugMon_Handler
                0x08001168        0x2 build/stm32f4xx_it.o
                0x08001168                DebugMon_Handler
 .text.PendSV_Handler
                0x0800116a        0x2 build/stm32f4xx_it.o
                0x0800116a                PendSV_Handler
 .text.SysTick_Handler
                0x0800116c        0x8 build/stm32f4xx_it.o
                0x0800116c                SysTick_Handler
 .text.HAL_MspInit
                0x08001174       0x40 build/stm32f4xx_hal_msp.o
                0x08001174                HAL_MspInit
 .text.HAL_ADC_MspInit
                0x080011b4       0x68 build/stm32f4xx_hal_msp.o
                0x080011b4                HAL_ADC_MspInit
 .text.HAL_I2C_MspInit
                0x0800121c       0x70 build/stm32f4xx_hal_msp.o
                0x0800121c                HAL_I2C_MspInit
 .text.HAL_TIM_Base_MspInit
                0x0800128c       0x30 build/stm32f4xx_hal_msp.o
                0x0800128c                HAL_TIM_Base_MspInit
 .text.HAL_TIM_MspPostInit
                0x080012bc       0x58 build/stm32f4xx_hal_msp.o
                0x080012bc                HAL_TIM_MspPostInit
 .text.HAL_UART_MspInit
                0x08001314       0x6c build/stm32f4xx_hal_msp.o
                0x08001314                HAL_UART_MspInit
 .text.TIM_OC1_SetConfig
                0x08001380       0x54 build/stm32f4xx_hal_tim.o
 .text.TIM_OC3_SetConfig
                0x080013d4       0x5c build/stm32f4xx_hal_tim.o
 .text.TIM_OC4_SetConfig
                0x08001430       0x48 build/stm32f4xx_hal_tim.o
 .text.TIM_TI1_ConfigInputStage
                0x08001478       0x26 build/stm32f4xx_hal_tim.o
 .text.TIM_TI2_ConfigInputStage
                0x0800149e       0x28 build/stm32f4xx_hal_tim.o
 .text.TIM_ITRx_SetConfig
                0x080014c6       0x10 build/stm32f4xx_hal_tim.o
 .text.HAL_TIM_PWM_MspInit
                0x080014d6        0x2 build/stm32f4xx_hal_tim.o
                0x080014d6                HAL_TIM_PWM_MspInit
 .text.TIM_Base_SetConfig
                0x080014d8       0x9c build/stm32f4xx_hal_tim.o
                0x080014d8                TIM_Base_SetConfig
 .text.HAL_TIM_Base_Init
                0x08001574       0x58 build/stm32f4xx_hal_tim.o
                0x08001574                HAL_TIM_Base_Init
 .text.HAL_TIM_PWM_Init
                0x080015cc       0x58 build/stm32f4xx_hal_tim.o
                0x080015cc                HAL_TIM_PWM_Init
 .text.TIM_OC2_SetConfig
                0x08001624       0x5c build/stm32f4xx_hal_tim.o
                0x08001624                TIM_OC2_SetConfig
 .text.HAL_TIM_PWM_ConfigChannel
                0x08001680       0xdc build/stm32f4xx_hal_tim.o
                0x08001680                HAL_TIM_PWM_ConfigChannel
 .text.TIM_ETR_SetConfig
                0x0800175c       0x1a build/stm32f4xx_hal_tim.o
                0x0800175c                TIM_ETR_SetConfig
 .text.HAL_TIM_ConfigClockSource
                0x08001776       0xfe build/stm32f4xx_hal_tim.o
                0x08001776                HAL_TIM_ConfigClockSource
 .text.TIM_CCxChannelCmd
                0x08001874       0x1e build/stm32f4xx_hal_tim.o
                0x08001874                TIM_CCxChannelCmd
 *fill*         0x08001892        0x2 
 .text.HAL_TIM_PWM_Start
                0x08001894       0xf0 build/stm32f4xx_hal_tim.o
                0x08001894                HAL_TIM_PWM_Start
 .text.HAL_TIMEx_MasterConfigSynchronization
                0x08001984       0x7c build/stm32f4xx_hal_tim_ex.o
                0x08001984                HAL_TIMEx_MasterConfigSynchronization
 .text.HAL_RCC_OscConfig
                0x08001a00      0x3f8 build/stm32f4xx_hal_rcc.o
                0x08001a00                HAL_RCC_OscConfig
 .text.HAL_RCC_GetSysClockFreq
                0x08001df8       0xdc build/stm32f4xx_hal_rcc.o
                0x08001df8                HAL_RCC_GetSysClockFreq
 .text.HAL_RCC_ClockConfig
                0x08001ed4      0x160 build/stm32f4xx_hal_rcc.o
                0x08001ed4                HAL_RCC_ClockConfig
 .text.HAL_RCC_GetHCLKFreq
                0x08002034        0xc build/stm32f4xx_hal_rcc.o
                0x08002034                HAL_RCC_GetHCLKFreq
 .text.HAL_RCC_GetPCLK1Freq
                0x08002040       0x20 build/stm32f4xx_hal_rcc.o
                0x08002040                HAL_RCC_GetPCLK1Freq
 .text.HAL_RCC_GetPCLK2Freq
                0x08002060       0x20 build/stm32f4xx_hal_rcc.o
                0x08002060                HAL_RCC_GetPCLK2Freq
 .text.HAL_GPIO_Init
                0x08002080      0x1c8 build/stm32f4xx_hal_gpio.o
                0x08002080                HAL_GPIO_Init
 .text.HAL_GPIO_ReadPin
                0x08002248        0xe build/stm32f4xx_hal_gpio.o
                0x08002248                HAL_GPIO_ReadPin
 .text.HAL_GPIO_WritePin
                0x08002256        0xc build/stm32f4xx_hal_gpio.o
                0x08002256                HAL_GPIO_WritePin
 .text.HAL_GPIO_TogglePin
                0x08002262       0x12 build/stm32f4xx_hal_gpio.o
                0x08002262                HAL_GPIO_TogglePin
 .text.__NVIC_SetPriority
                0x08002274       0x28 build/stm32f4xx_hal_cortex.o
 .text.NVIC_EncodePriority
                0x0800229c       0x3e build/stm32f4xx_hal_cortex.o
 *fill*         0x080022da        0x2 
 .text.HAL_NVIC_SetPriorityGrouping
                0x080022dc       0x24 build/stm32f4xx_hal_cortex.o
                0x080022dc                HAL_NVIC_SetPriorityGrouping
 .text.HAL_NVIC_SetPriority
                0x08002300       0x20 build/stm32f4xx_hal_cortex.o
                0x08002300                HAL_NVIC_SetPriority
 .text.HAL_SYSTICK_Config
                0x08002320       0x28 build/stm32f4xx_hal_cortex.o
                0x08002320                HAL_SYSTICK_Config
 .text.HAL_InitTick
                0x08002348       0x4c build/stm32f4xx_hal.o
                0x08002348                HAL_InitTick
 .text.HAL_Init
                0x08002394       0x34 build/stm32f4xx_hal.o
                0x08002394                HAL_Init
 .text.HAL_IncTick
                0x080023c8       0x18 build/stm32f4xx_hal.o
                0x080023c8                HAL_IncTick
 .text.HAL_GetTick
                0x080023e0        0xc build/stm32f4xx_hal.o
                0x080023e0                HAL_GetTick
 .text.HAL_Delay
                0x080023ec       0x28 build/stm32f4xx_hal.o
                0x080023ec                HAL_Delay
 .text.UART_SetConfig
                0x08002414      0x110 build/stm32f4xx_hal_uart.o
 .text.UART_WaitOnFlagUntilTimeout
                0x08002524       0x84 build/stm32f4xx_hal_uart.o
 .text.HAL_UART_Init
                0x080025a8       0x5e build/stm32f4xx_hal_uart.o
                0x080025a8                HAL_UART_Init
 .text.HAL_UART_Transmit
                0x08002606       0xd8 build/stm32f4xx_hal_uart.o
                0x08002606                HAL_UART_Transmit
 *fill*         0x080026de        0x2 
 .text.SystemInit
                0x080026e0       0x14 build/system_stm32f4xx.o
                0x080026e0                SystemInit
 .text.ADC_Init
                0x080026f4      0x134 build/stm32f4xx_hal_adc.o
 .text.HAL_ADC_Init
                0x08002828       0x56 build/stm32f4xx_hal_adc.o
                0x08002828                HAL_ADC_Init
 *fill*         0x0800287e        0x2 
 .text.HAL_ADC_ConfigChannel
                0x08002880      0x194 build/stm32f4xx_hal_adc.o
                0x08002880                HAL_ADC_ConfigChannel
 .text.MOTOR_initialize_motor_config
                0x08002a14        0xa build/motor_functions.o
                0x08002a14                MOTOR_initialize_motor_config
 .text.MOTOR_initialize_motor_instance
                0x08002a1e       0x2c build/motor_functions.o
                0x08002a1e                MOTOR_initialize_motor_instance
 .text.MOTOR_move_speed_forward
                0x08002a4a       0x30 build/motor_functions.o
                0x08002a4a                MOTOR_move_speed_forward
 .text.MOTOR_stop_both
                0x08002a7a       0x16 build/motor_functions.o
                0x08002a7a                MOTOR_stop_both
 .text.SWITCHES_initialize_switch_config
                0x08002a90        0xa build/switches.o
                0x08002a90                SWITCHES_initialize_switch_config
 .text.SWITCHES_initiallize_switch_instance
                0x08002a9a        0xc build/switches.o
                0x08002a9a                SWITCHES_initiallize_switch_instance
 .text.MPU6050_Init
                0x08002aa6       0xa2 build/mpu6050.o
                0x08002aa6                MPU6050_Init
 .text.Kalman_getAngle
                0x08002b48      0x206 build/mpu6050.o
                0x08002b48                Kalman_getAngle
 *fill*         0x08002d4e        0x2 
 .text.MPU6050_Read_All
                0x08002d50      0x2cc build/mpu6050.o
                0x08002d50                MPU6050_Read_All
 .text.I2C_IsAcknowledgeFailed
                0x0800301c       0x32 build/stm32f4xx_hal_i2c.o
 .text.I2C_WaitOnFlagUntilTimeout
                0x0800304e       0x7c build/stm32f4xx_hal_i2c.o
 .text.I2C_WaitOnMasterAddressFlagUntilTimeout
                0x080030ca       0xaa build/stm32f4xx_hal_i2c.o
 .text.I2C_WaitOnTXEFlagUntilTimeout
                0x08003174       0x54 build/stm32f4xx_hal_i2c.o
 .text.I2C_RequestMemoryWrite
                0x080031c8       0xd8 build/stm32f4xx_hal_i2c.o
 .text.I2C_RequestMemoryRead
                0x080032a0      0x154 build/stm32f4xx_hal_i2c.o
 .text.I2C_WaitOnBTFFlagUntilTimeout
                0x080033f4       0x54 build/stm32f4xx_hal_i2c.o
 .text.I2C_WaitOnRXNEFlagUntilTimeout
                0x08003448       0x6a build/stm32f4xx_hal_i2c.o
 *fill*         0x080034b2        0x2 
 .text.HAL_I2C_Init
                0x080034b4      0x1bc build/stm32f4xx_hal_i2c.o
                0x080034b4                HAL_I2C_Init
 .text.HAL_I2C_Mem_Write
                0x08003670      0x164 build/stm32f4xx_hal_i2c.o
                0x08003670                HAL_I2C_Mem_Write
 .text.HAL_I2C_Mem_Read
                0x080037d4      0x2e4 build/stm32f4xx_hal_i2c.o
                0x080037d4                HAL_I2C_Mem_Read
 .text.Reset_Handler
                0x08003ab8       0x50 build/startup_stm32f401xe.o
                0x08003ab8                Reset_Handler
 .text.Default_Handler
                0x08003b08        0x2 build/startup_stm32f401xe.o
                0x08003b08                RTC_Alarm_IRQHandler
                0x08003b08                EXTI2_IRQHandler
                0x08003b08                SPI4_IRQHandler
                0x08003b08                TIM1_CC_IRQHandler
                0x08003b08                DMA2_Stream5_IRQHandler
                0x08003b08                DMA1_Stream5_IRQHandler
                0x08003b08                PVD_IRQHandler
                0x08003b08                SDIO_IRQHandler
                0x08003b08                TAMP_STAMP_IRQHandler
                0x08003b08                EXTI3_IRQHandler
                0x08003b08                TIM1_UP_TIM10_IRQHandler
                0x08003b08                I2C3_ER_IRQHandler
                0x08003b08                EXTI0_IRQHandler
                0x08003b08                I2C2_EV_IRQHandler
                0x08003b08                DMA1_Stream2_IRQHandler
                0x08003b08                FPU_IRQHandler
                0x08003b08                DMA2_Stream2_IRQHandler
                0x08003b08                SPI1_IRQHandler
                0x08003b08                TIM1_BRK_TIM9_IRQHandler
                0x08003b08                DMA2_Stream3_IRQHandler
                0x08003b08                USART6_IRQHandler
                0x08003b08                DMA2_Stream0_IRQHandler
                0x08003b08                TIM4_IRQHandler
                0x08003b08                I2C1_EV_IRQHandler
                0x08003b08                DMA1_Stream6_IRQHandler
                0x08003b08                DMA1_Stream1_IRQHandler
                0x08003b08                TIM3_IRQHandler
                0x08003b08                RCC_IRQHandler
                0x08003b08                Default_Handler
                0x08003b08                EXTI15_10_IRQHandler
                0x08003b08                ADC_IRQHandler
                0x08003b08                DMA1_Stream7_IRQHandler
                0x08003b08                TIM5_IRQHandler
                0x08003b08                DMA2_Stream7_IRQHandler
                0x08003b08                I2C3_EV_IRQHandler
                0x08003b08                EXTI9_5_IRQHandler
                0x08003b08                RTC_WKUP_IRQHandler
                0x08003b08                SPI2_IRQHandler
                0x08003b08                DMA1_Stream0_IRQHandler
                0x08003b08                EXTI4_IRQHandler
                0x08003b08                WWDG_IRQHandler
                0x08003b08                TIM2_IRQHandler
                0x08003b08                OTG_FS_WKUP_IRQHandler
                0x08003b08                TIM1_TRG_COM_TIM11_IRQHandler
                0x08003b08                EXTI1_IRQHandler
                0x08003b08                USART2_IRQHandler
                0x08003b08                I2C2_ER_IRQHandler
                0x08003b08                DMA2_Stream1_IRQHandler
                0x08003b08                FLASH_IRQHandler
                0x08003b08                DMA2_Stream4_IRQHandler
                0x08003b08                USART1_IRQHandler
                0x08003b08                OTG_FS_IRQHandler
                0x08003b08                SPI3_IRQHandler
                0x08003b08                DMA1_Stream4_IRQHandler
                0x08003b08                I2C1_ER_IRQHandler
                0x08003b08                DMA2_Stream6_IRQHandler
                0x08003b08                DMA1_Stream3_IRQHandler
 *fill*         0x08003b0a        0x2 
 .text.sprintf  0x08003b0c       0x40 c:/users/natha/devtools/arm-gnu-toolchain-12.2.mpacbti-bet1-mingw-w64-i686-arm-none-eabi/bin/../lib/gcc/arm-none-eabi/12.2.0/thumb/v7e-m+fp/hard\libc_nano.a(libc_a-sprintf.o)
                0x08003b0c                siprintf
                0x08003b0c                sprintf
 .text.memset   0x08003b4c       0x10 c:/users/natha/devtools/arm-gnu-toolchain-12.2.mpacbti-bet1-mingw-w64-i686-arm-none-eabi/bin/../lib/gcc/arm-none-eabi/12.2.0/thumb/v7e-m+fp/hard\libc_nano.a(libc_a-memset.o)
                0x08003b4c                memset
 .text.__libc_init_array
                0x08003b5c       0x48 c:/users/natha/devtools/arm-gnu-toolchain-12.2.mpacbti-bet1-mingw-w64-i686-arm-none-eabi/bin/../lib/gcc/arm-none-eabi/12.2.0/thumb/v7e-m+fp/hard\libc_nano.a(libc_a-init.o)
                0x08003b5c                __libc_init_array
 .text.__retarget_lock_acquire_recursive
                0x08003ba4        0x2 c:/users/natha/devtools/arm-gnu-toolchain-12.2.mpacbti-bet1-mingw-w64-i686-arm-none-eabi/bin/../lib/gcc/arm-none-eabi/12.2.0/thumb/v7e-m+fp/hard\libc_nano.a(libc_a-lock.o)
                0x08003ba4                __retarget_lock_acquire_recursive
 .text.__retarget_lock_release_recursive
                0x08003ba6        0x2 c:/users/natha/devtools/arm-gnu-toolchain-12.2.mpacbti-bet1-mingw-w64-i686-arm-none-eabi/bin/../lib/gcc/arm-none-eabi/12.2.0/thumb/v7e-m+fp/hard\libc_nano.a(libc_a-lock.o)
                0x08003ba6                __retarget_lock_release_recursive
 .text._free_r  0x08003ba8       0x94 c:/users/natha/devtools/arm-gnu-toolchain-12.2.mpacbti-bet1-mingw-w64-i686-arm-none-eabi/bin/../lib/gcc/arm-none-eabi/12.2.0/thumb/v7e-m+fp/hard\libc_nano.a(libc_a-freer.o)
                0x08003ba8                _free_r
 .text.sbrk_aligned
                0x08003c3c       0x44 c:/users/natha/devtools/arm-gnu-toolchain-12.2.mpacbti-bet1-mingw-w64-i686-arm-none-eabi/bin/../lib/gcc/arm-none-eabi/12.2.0/thumb/v7e-m+fp/hard\libc_nano.a(libc_a-mallocr.o)
 .text._malloc_r
                0x08003c80       0xe0 c:/users/natha/devtools/arm-gnu-toolchain-12.2.mpacbti-bet1-mingw-w64-i686-arm-none-eabi/bin/../lib/gcc/arm-none-eabi/12.2.0/thumb/v7e-m+fp/hard\libc_nano.a(libc_a-mallocr.o)
                0x08003c80                _malloc_r
 .text.__malloc_lock
                0x08003d60        0xc c:/users/natha/devtools/arm-gnu-toolchain-12.2.mpacbti-bet1-mingw-w64-i686-arm-none-eabi/bin/../lib/gcc/arm-none-eabi/12.2.0/thumb/v7e-m+fp/hard\libc_nano.a(libc_a-mlock.o)
                0x08003d60                __malloc_lock
 .text.__malloc_unlock
                0x08003d6c        0xc c:/users/natha/devtools/arm-gnu-toolchain-12.2.mpacbti-bet1-mingw-w64-i686-arm-none-eabi/bin/../lib/gcc/arm-none-eabi/12.2.0/thumb/v7e-m+fp/hard\libc_nano.a(libc_a-mlock.o)
                0x08003d6c                __malloc_unlock
 .text.__ssputs_r
                0x08003d78       0xb6 c:/users/natha/devtools/arm-gnu-toolchain-12.2.mpacbti-bet1-mingw-w64-i686-arm-none-eabi/bin/../lib/gcc/arm-none-eabi/12.2.0/thumb/v7e-m+fp/hard\libc_nano.a(libc_a-nano-svfprintf.o)
                0x08003d78                __ssputs_r
 *fill*         0x08003e2e        0x2 
 .text._svfprintf_r
                0x08003e30      0x1f8 c:/users/natha/devtools/arm-gnu-toolchain-12.2.mpacbti-bet1-mingw-w64-i686-arm-none-eabi/bin/../lib/gcc/arm-none-eabi/12.2.0/thumb/v7e-m+fp/hard\libc_nano.a(libc_a-nano-svfprintf.o)
                0x08003e30                _svfiprintf_r
                0x08003e30                _svfprintf_r
 .text._printf_common
                0x08004028       0xda c:/users/natha/devtools/arm-gnu-toolchain-12.2.mpacbti-bet1-mingw-w64-i686-arm-none-eabi/bin/../lib/gcc/arm-none-eabi/12.2.0/thumb/v7e-m+fp/hard\libc_nano.a(libc_a-nano-vfprintf_i.o)
                0x08004028                _printf_common
 *fill*         0x08004102        0x2 
 .text._printf_i
                0x08004104      0x25c c:/users/natha/devtools/arm-gnu-toolchain-12.2.mpacbti-bet1-mingw-w64-i686-arm-none-eabi/bin/../lib/gcc/arm-none-eabi/12.2.0/thumb/v7e-m+fp/hard\libc_nano.a(libc_a-nano-vfprintf_i.o)
                0x08004104                _printf_i
 .text.memmove  0x08004360       0x34 c:/users/natha/devtools/arm-gnu-toolchain-12.2.mpacbti-bet1-mingw-w64-i686-arm-none-eabi/bin/../lib/gcc/arm-none-eabi/12.2.0/thumb/v7e-m+fp/hard\libc_nano.a(libc_a-memmove.o)
                0x08004360                memmove
 .text._sbrk_r  0x08004394       0x20 c:/users/natha/devtools/arm-gnu-toolchain-12.2.mpacbti-bet1-mingw-w64-i686-arm-none-eabi/bin/../lib/gcc/arm-none-eabi/12.2.0/thumb/v7e-m+fp/hard\libc_nano.a(libc_a-sbrkr.o)
                0x08004394                _sbrk_r
 .text.memcpy   0x080043b4       0x1c c:/users/natha/devtools/arm-gnu-toolchain-12.2.mpacbti-bet1-mingw-w64-i686-arm-none-eabi/bin/../lib/gcc/arm-none-eabi/12.2.0/thumb/v7e-m+fp/hard\libc_nano.a(libc_a-memcpy-stub.o)
                0x080043b4                memcpy
 .text._realloc_r
                0x080043d0       0x5c c:/users/natha/devtools/arm-gnu-toolchain-12.2.mpacbti-bet1-mingw-w64-i686-arm-none-eabi/bin/../lib/gcc/arm-none-eabi/12.2.0/thumb/v7e-m+fp/hard\libc_nano.a(libc_a-reallocr.o)
                0x080043d0                _realloc_r
 .text._malloc_usable_size_r
                0x0800442c       0x10 c:/users/natha/devtools/arm-gnu-toolchain-12.2.mpacbti-bet1-mingw-w64-i686-arm-none-eabi/bin/../lib/gcc/arm-none-eabi/12.2.0/thumb/v7e-m+fp/hard\libc_nano.a(libc_a-msizer.o)
                0x0800442c                _malloc_usable_size_r
 .text.atan2    0x0800443c        0x4 c:/users/natha/devtools/arm-gnu-toolchain-12.2.mpacbti-bet1-mingw-w64-i686-arm-none-eabi/bin/../lib/gcc/arm-none-eabi/12.2.0/thumb/v7e-m+fp/hard\libm.a(libm_a-w_atan2.o)
                0x0800443c                atan2
 .text.sqrt     0x08004440       0x68 c:/users/natha/devtools/arm-gnu-toolchain-12.2.mpacbti-bet1-mingw-w64-i686-arm-none-eabi/bin/../lib/gcc/arm-none-eabi/12.2.0/thumb/v7e-m+fp/hard\libm.a(libm_a-w_sqrt.o)
                0x08004440                sqrt
 .text.atan     0x080044a8      0x338 c:/users/natha/devtools/arm-gnu-toolchain-12.2.mpacbti-bet1-mingw-w64-i686-arm-none-eabi/bin/../lib/gcc/arm-none-eabi/12.2.0/thumb/v7e-m+fp/hard\libm.a(libm_a-s_atan.o)
                0x080044a8                atan
 .text.fabs     0x080047e0       0x10 c:/users/natha/devtools/arm-gnu-toolchain-12.2.mpacbti-bet1-mingw-w64-i686-arm-none-eabi/bin/../lib/gcc/arm-none-eabi/12.2.0/thumb/v7e-m+fp/hard\libm.a(libm_a-s_fabs.o)
                0x080047e0                fabs
 .text.__ieee754_sqrt
                0x080047f0      0x1f4 c:/users/natha/devtools/arm-gnu-toolchain-12.2.mpacbti-bet1-mingw-w64-i686-arm-none-eabi/bin/../lib/gcc/arm-none-eabi/12.2.0/thumb/v7e-m+fp/hard\libm.a(libm_a-e_sqrt.o)
                0x080047f0                __ieee754_sqrt
 *fill*         0x080049e4        0x4 
 .text.__ieee754_atan2
                0x080049e8      0x1ac c:/users/natha/devtools/arm-gnu-toolchain-12.2.mpacbti-bet1-mingw-w64-i686-arm-none-eabi/bin/../lib/gcc/arm-none-eabi/12.2.0/thumb/v7e-m+fp/hard\libm.a(libm_a-e_atan2.o)
                0x080049e8                __ieee754_atan2
 .text._sbrk    0x08004b94       0x1c c:/users/natha/devtools/arm-gnu-toolchain-12.2.mpacbti-bet1-mingw-w64-i686-arm-none-eabi/bin/../lib/gcc/arm-none-eabi/12.2.0/thumb/v7e-m+fp/hard\libnosys.a(sbrk.o)
                0x08004b94                _sbrk
 .text.__udivmoddi4
                0x08004bb0      0x2bc c:/users/natha/devtools/arm-gnu-toolchain-12.2.mpacbti-bet1-mingw-w64-i686-arm-none-eabi/bin/../lib/gcc/arm-none-eabi/12.2.0/thumb/v7e-m+fp/hard\libgcc.a(_udivmoddi4.o)
                0x08004bb0                __udivmoddi4
 .text.__errno  0x08004e6c        0xc c:/users/natha/devtools/arm-gnu-toolchain-12.2.mpacbti-bet1-mingw-w64-i686-arm-none-eabi/bin/../lib/gcc/arm-none-eabi/12.2.0/thumb/v7e-m+fp/hard\libc_nano.a(libc_a-errno.o)
                0x08004e6c                __errno
 *(.glue_7)
 .glue_7        0x08004e78        0x0 linker stubs
 *(.glue_7t)
 .glue_7t       0x08004e78        0x0 linker stubs
 *(.eh_frame)
 .eh_frame      0x08004e78        0x0 c:/users/natha/devtools/arm-gnu-toolchain-12.2.mpacbti-bet1-mingw-w64-i686-arm-none-eabi/bin/../lib/gcc/arm-none-eabi/12.2.0/thumb/v7e-m+fp/hard/crtbegin.o
 *(.init)
 .init          0x08004e78        0x4 c:/users/natha/devtools/arm-gnu-toolchain-12.2.mpacbti-bet1-mingw-w64-i686-arm-none-eabi/bin/../lib/gcc/arm-none-eabi/12.2.0/thumb/v7e-m+fp/hard/crti.o
                0x08004e78                _init
 .init          0x08004e7c        0x8 c:/users/natha/devtools/arm-gnu-toolchain-12.2.mpacbti-bet1-mingw-w64-i686-arm-none-eabi/bin/../lib/gcc/arm-none-eabi/12.2.0/thumb/v7e-m+fp/hard/crtn.o
 *(.fini)
 .fini          0x08004e84        0x4 c:/users/natha/devtools/arm-gnu-toolchain-12.2.mpacbti-bet1-mingw-w64-i686-arm-none-eabi/bin/../lib/gcc/arm-none-eabi/12.2.0/thumb/v7e-m+fp/hard/crti.o
                0x08004e84                _fini
 .fini          0x08004e88        0x8 c:/users/natha/devtools/arm-gnu-toolchain-12.2.mpacbti-bet1-mingw-w64-i686-arm-none-eabi/bin/../lib/gcc/arm-none-eabi/12.2.0/thumb/v7e-m+fp/hard/crtn.o
                0x08004e90                        . = ALIGN (0x4)
                0x08004e90                        _etext = .

.vfp11_veneer   0x08004e90        0x0
 .vfp11_veneer  0x08004e90        0x0 linker stubs

.v4_bx          0x08004e90        0x0
 .v4_bx         0x08004e90        0x0 linker stubs

.iplt           0x08004e90        0x0
 .iplt          0x08004e90        0x0 c:/users/natha/devtools/arm-gnu-toolchain-12.2.mpacbti-bet1-mingw-w64-i686-arm-none-eabi/bin/../lib/gcc/arm-none-eabi/12.2.0/thumb/v7e-m+fp/hard/crtbegin.o

.rodata         0x08004e90       0xe0
                0x08004e90                        . = ALIGN (0x4)
 *(.rodata)
 *(.rodata*)
 .rodata.main.str1.4
                0x08004e90       0x1f build/main.o
 *fill*         0x08004eaf        0x1 
 .rodata.APBPrescTable
                0x08004eb0        0x8 build/system_stm32f4xx.o
                0x08004eb0                APBPrescTable
 .rodata.AHBPrescTable
                0x08004eb8       0x10 build/system_stm32f4xx.o
                0x08004eb8                AHBPrescTable
 .rodata._svfprintf_r.str1.1
                0x08004ec8       0x11 c:/users/natha/devtools/arm-gnu-toolchain-12.2.mpacbti-bet1-mingw-w64-i686-arm-none-eabi/bin/../lib/gcc/arm-none-eabi/12.2.0/thumb/v7e-m+fp/hard\libc_nano.a(libc_a-nano-svfprintf.o)
 .rodata._printf_i.str1.1
                0x08004ed9       0x22 c:/users/natha/devtools/arm-gnu-toolchain-12.2.mpacbti-bet1-mingw-w64-i686-arm-none-eabi/bin/../lib/gcc/arm-none-eabi/12.2.0/thumb/v7e-m+fp/hard\libc_nano.a(libc_a-nano-vfprintf_i.o)
 *fill*         0x08004efb        0x5 
 .rodata.atanlo
                0x08004f00       0x20 c:/users/natha/devtools/arm-gnu-toolchain-12.2.mpacbti-bet1-mingw-w64-i686-arm-none-eabi/bin/../lib/gcc/arm-none-eabi/12.2.0/thumb/v7e-m+fp/hard\libm.a(libm_a-s_atan.o)
 .rodata.atanhi
                0x08004f20       0x20 c:/users/natha/devtools/arm-gnu-toolchain-12.2.mpacbti-bet1-mingw-w64-i686-arm-none-eabi/bin/../lib/gcc/arm-none-eabi/12.2.0/thumb/v7e-m+fp/hard\libm.a(libm_a-s_atan.o)
 .rodata.CSWTCH.9
                0x08004f40       0x18 c:/users/natha/devtools/arm-gnu-toolchain-12.2.mpacbti-bet1-mingw-w64-i686-arm-none-eabi/bin/../lib/gcc/arm-none-eabi/12.2.0/thumb/v7e-m+fp/hard\libm.a(libm_a-e_atan2.o)
 .rodata.CSWTCH.8
                0x08004f58       0x18 c:/users/natha/devtools/arm-gnu-toolchain-12.2.mpacbti-bet1-mingw-w64-i686-arm-none-eabi/bin/../lib/gcc/arm-none-eabi/12.2.0/thumb/v7e-m+fp/hard\libm.a(libm_a-e_atan2.o)
                0x08004f70                        . = ALIGN (0x4)

.ARM.extab
 *(.ARM.extab* .gnu.linkonce.armextab.*)

.ARM            0x08004f70        0x8
                0x08004f70                        __exidx_start = .
 *(.ARM.exidx*)
 .ARM.exidx     0x08004f70        0x8 c:/users/natha/devtools/arm-gnu-toolchain-12.2.mpacbti-bet1-mingw-w64-i686-arm-none-eabi/bin/../lib/gcc/arm-none-eabi/12.2.0/thumb/v7e-m+fp/hard\libc_nano.a(libc_a-strlen.o)
 .ARM.exidx     0x08004f78        0x0 c:/users/natha/devtools/arm-gnu-toolchain-12.2.mpacbti-bet1-mingw-w64-i686-arm-none-eabi/bin/../lib/gcc/arm-none-eabi/12.2.0/thumb/v7e-m+fp/hard\libc_nano.a(libc_a-memchr.o)
                                  0x8 (size before relaxing)
 .ARM.exidx.text.__udivmoddi4
                0x08004f78        0x0 c:/users/natha/devtools/arm-gnu-toolchain-12.2.mpacbti-bet1-mingw-w64-i686-arm-none-eabi/bin/../lib/gcc/arm-none-eabi/12.2.0/thumb/v7e-m+fp/hard\libgcc.a(_udivmoddi4.o)
                                  0x8 (size before relaxing)
                0x08004f78                        __exidx_end = .

.rel.dyn        0x08004f78        0x0
 .rel.iplt      0x08004f78        0x0 c:/users/natha/devtools/arm-gnu-toolchain-12.2.mpacbti-bet1-mingw-w64-i686-arm-none-eabi/bin/../lib/gcc/arm-none-eabi/12.2.0/thumb/v7e-m+fp/hard/crtbegin.o

.preinit_array  0x08004f78        0x0
                0x08004f78                        PROVIDE (__preinit_array_start = .)
 *(.preinit_array*)
                0x08004f78                        PROVIDE (__preinit_array_end = .)

.init_array     0x08004f78        0x4
                0x08004f78                        PROVIDE (__init_array_start = .)
 *(SORT_BY_NAME(.init_array.*))
 *(.init_array*)
 .init_array    0x08004f78        0x4 c:/users/natha/devtools/arm-gnu-toolchain-12.2.mpacbti-bet1-mingw-w64-i686-arm-none-eabi/bin/../lib/gcc/arm-none-eabi/12.2.0/thumb/v7e-m+fp/hard/crtbegin.o
                0x08004f7c                        PROVIDE (__init_array_end = .)

.fini_array     0x08004f7c        0x4
                [!provide]                        PROVIDE (__fini_array_start = .)
 *(SORT_BY_NAME(.fini_array.*))
 *(.fini_array*)
 .fini_array    0x08004f7c        0x4 c:/users/natha/devtools/arm-gnu-toolchain-12.2.mpacbti-bet1-mingw-w64-i686-arm-none-eabi/bin/../lib/gcc/arm-none-eabi/12.2.0/thumb/v7e-m+fp/hard/crtbegin.o
                [!provide]                        PROVIDE (__fini_array_end = .)
                0x08004f80                        _sidata = LOADADDR (.data)

.data           0x20000000      0x100 load address 0x08004f80
                0x20000000                        . = ALIGN (0x4)
                0x20000000                        _sdata = .
 *(.data)
 *(.data*)
 .data.uwTickFreq
                0x20000000        0x1 build/stm32f4xx_hal.o
                0x20000000                uwTickFreq
 *fill*         0x20000001        0x3 
 .data.uwTickPrio
                0x20000004        0x4 build/stm32f4xx_hal.o
                0x20000004                uwTickPrio
 .data.SystemCoreClock
                0x20000008        0x4 build/system_stm32f4xx.o
                0x20000008                SystemCoreClock
 *fill*         0x2000000c        0x4 
 .data.KalmanY  0x20000010       0x48 build/mpu6050.o
                0x20000010                KalmanY
 .data.KalmanX  0x20000058       0x48 build/mpu6050.o
                0x20000058                KalmanX
 .data._impure_ptr
                0x200000a0        0x4 c:/users/natha/devtools/arm-gnu-toolchain-12.2.mpacbti-bet1-mingw-w64-i686-arm-none-eabi/bin/../lib/gcc/arm-none-eabi/12.2.0/thumb/v7e-m+fp/hard\libc_nano.a(libc_a-impure.o)
                0x200000a0                _impure_ptr
 .data._impure_data
                0x200000a4       0x4c c:/users/natha/devtools/arm-gnu-toolchain-12.2.mpacbti-bet1-mingw-w64-i686-arm-none-eabi/bin/../lib/gcc/arm-none-eabi/12.2.0/thumb/v7e-m+fp/hard\libc_nano.a(libc_a-impure.o)
                0x200000a4                _impure_data
 .data.tiny     0x200000f0        0x8 c:/users/natha/devtools/arm-gnu-toolchain-12.2.mpacbti-bet1-mingw-w64-i686-arm-none-eabi/bin/../lib/gcc/arm-none-eabi/12.2.0/thumb/v7e-m+fp/hard\libm.a(libm_a-e_sqrt.o)
 .data.one      0x200000f8        0x8 c:/users/natha/devtools/arm-gnu-toolchain-12.2.mpacbti-bet1-mingw-w64-i686-arm-none-eabi/bin/../lib/gcc/arm-none-eabi/12.2.0/thumb/v7e-m+fp/hard\libm.a(libm_a-e_sqrt.o)
                0x20000100                        . = ALIGN (0x4)
                0x20000100                        _edata = .

.tm_clone_table
                0x20000100        0x0 load address 0x08005080
 .tm_clone_table
                0x20000100        0x0 c:/users/natha/devtools/arm-gnu-toolchain-12.2.mpacbti-bet1-mingw-w64-i686-arm-none-eabi/bin/../lib/gcc/arm-none-eabi/12.2.0/thumb/v7e-m+fp/hard/crtbegin.o
 .tm_clone_table
                0x20000100        0x0 c:/users/natha/devtools/arm-gnu-toolchain-12.2.mpacbti-bet1-mingw-w64-i686-arm-none-eabi/bin/../lib/gcc/arm-none-eabi/12.2.0/thumb/v7e-m+fp/hard/crtend.o

.igot.plt       0x20000100        0x0 load address 0x08005080
 .igot.plt      0x20000100        0x0 c:/users/natha/devtools/arm-gnu-toolchain-12.2.mpacbti-bet1-mingw-w64-i686-arm-none-eabi/bin/../lib/gcc/arm-none-eabi/12.2.0/thumb/v7e-m+fp/hard/crtbegin.o
                0x20000100                        . = ALIGN (0x4)

.bss            0x20000100      0x298 load address 0x08005080
                0x20000100                        _sbss = .
                0x20000100                        __bss_start__ = _sbss
 *(.bss)
 *(.bss*)
 .bss.completed.1
                0x20000100        0x1 c:/users/natha/devtools/arm-gnu-toolchain-12.2.mpacbti-bet1-mingw-w64-i686-arm-none-eabi/bin/../lib/gcc/arm-none-eabi/12.2.0/thumb/v7e-m+fp/hard/crtbegin.o
 *fill*         0x20000101        0x3 
 .bss.object.0  0x20000104       0x18 c:/users/natha/devtools/arm-gnu-toolchain-12.2.mpacbti-bet1-mingw-w64-i686-arm-none-eabi/bin/../lib/gcc/arm-none-eabi/12.2.0/thumb/v7e-m+fp/hard/crtbegin.o
 .bss.huart2    0x2000011c       0x44 build/main.o
                0x2000011c                huart2
 .bss.htim3     0x20000160       0x48 build/main.o
                0x20000160                htim3
 .bss.hi2c1     0x200001a8       0x54 build/main.o
                0x200001a8                hi2c1
 .bss.hadc1     0x200001fc       0x48 build/main.o
                0x200001fc                hadc1
 .bss.uwTick    0x20000244        0x4 build/stm32f4xx_hal.o
                0x20000244                uwTick
 .bss.timer     0x20000248        0x4 build/mpu6050.o
                0x20000248                timer
 .bss.__sf      0x2000024c      0x138 c:/users/natha/devtools/arm-gnu-toolchain-12.2.mpacbti-bet1-mingw-w64-i686-arm-none-eabi/bin/../lib/gcc/arm-none-eabi/12.2.0/thumb/v7e-m+fp/hard\libc_nano.a(libc_a-findfp.o)
                0x2000024c                __sf
 .bss.errno     0x20000384        0x4 c:/users/natha/devtools/arm-gnu-toolchain-12.2.mpacbti-bet1-mingw-w64-i686-arm-none-eabi/bin/../lib/gcc/arm-none-eabi/12.2.0/thumb/v7e-m+fp/hard\libc_nano.a(libc_a-reent.o)
                0x20000384                errno
 .bss.__lock___malloc_recursive_mutex
                0x20000388        0x1 c:/users/natha/devtools/arm-gnu-toolchain-12.2.mpacbti-bet1-mingw-w64-i686-arm-none-eabi/bin/../lib/gcc/arm-none-eabi/12.2.0/thumb/v7e-m+fp/hard\libc_nano.a(libc_a-lock.o)
                0x20000388                __lock___malloc_recursive_mutex
 *fill*         0x20000389        0x3 
 .bss.__malloc_sbrk_start
                0x2000038c        0x4 c:/users/natha/devtools/arm-gnu-toolchain-12.2.mpacbti-bet1-mingw-w64-i686-arm-none-eabi/bin/../lib/gcc/arm-none-eabi/12.2.0/thumb/v7e-m+fp/hard\libc_nano.a(libc_a-mallocr.o)
                0x2000038c                __malloc_sbrk_start
 .bss.__malloc_free_list
                0x20000390        0x4 c:/users/natha/devtools/arm-gnu-toolchain-12.2.mpacbti-bet1-mingw-w64-i686-arm-none-eabi/bin/../lib/gcc/arm-none-eabi/12.2.0/thumb/v7e-m+fp/hard\libc_nano.a(libc_a-mallocr.o)
                0x20000390                __malloc_free_list
 .bss.heap_end.0
                0x20000394        0x4 c:/users/natha/devtools/arm-gnu-toolchain-12.2.mpacbti-bet1-mingw-w64-i686-arm-none-eabi/bin/../lib/gcc/arm-none-eabi/12.2.0/thumb/v7e-m+fp/hard\libnosys.a(sbrk.o)
 *(COMMON)
                0x20000398                        . = ALIGN (0x4)
                0x20000398                        _ebss = .
                0x20000398                        __bss_end__ = _ebss

._user_heap_stack
                0x20000398      0x600 load address 0x08005080
                0x20000398                        . = ALIGN (0x8)
                0x20000398                        PROVIDE (end = .)
                [!provide]                        PROVIDE (_end = .)
                0x20000598                        . = (. + _Min_Heap_Size)
 *fill*         0x20000398      0x200 
                0x20000998                        . = (. + _Min_Stack_Size)
 *fill*         0x20000598      0x400 
                0x20000998                        . = ALIGN (0x8)

/DISCARD/
 libc.a(*)
 libm.a(*)
 libgcc.a(*)

.ARM.attributes
                0x00000000       0x30
 *(.ARM.attributes)
 .ARM.attributes
                0x00000000       0x22 c:/users/natha/devtools/arm-gnu-toolchain-12.2.mpacbti-bet1-mingw-w64-i686-arm-none-eabi/bin/../lib/gcc/arm-none-eabi/12.2.0/thumb/v7e-m+fp/hard/crti.o
 .ARM.attributes
                0x00000022       0x34 c:/users/natha/devtools/arm-gnu-toolchain-12.2.mpacbti-bet1-mingw-w64-i686-arm-none-eabi/bin/../lib/gcc/arm-none-eabi/12.2.0/thumb/v7e-m+fp/hard/crtbegin.o
 .ARM.attributes
                0x00000056       0x34 build/main.o
 .ARM.attributes
                0x0000008a       0x34 build/stm32f4xx_it.o
 .ARM.attributes
                0x000000be       0x34 build/stm32f4xx_hal_msp.o
 .ARM.attributes
                0x000000f2       0x34 build/stm32f4xx_hal_tim.o
 .ARM.attributes
                0x00000126       0x34 build/stm32f4xx_hal_tim_ex.o
 .ARM.attributes
                0x0000015a       0x34 build/stm32f4xx_hal_rcc.o
 .ARM.attributes
                0x0000018e       0x34 build/stm32f4xx_hal_gpio.o
 .ARM.attributes
                0x000001c2       0x34 build/stm32f4xx_hal_cortex.o
 .ARM.attributes
                0x000001f6       0x34 build/stm32f4xx_hal.o
 .ARM.attributes
                0x0000022a       0x34 build/stm32f4xx_hal_uart.o
 .ARM.attributes
                0x0000025e       0x34 build/system_stm32f4xx.o
 .ARM.attributes
                0x00000292       0x34 build/stm32f4xx_hal_adc.o
 .ARM.attributes
                0x000002c6       0x34 build/motor_functions.o
 .ARM.attributes
                0x000002fa       0x34 build/switches.o
 .ARM.attributes
                0x0000032e       0x34 build/mpu6050.o
 .ARM.attributes
                0x00000362       0x34 build/stm32f4xx_hal_i2c.o
 .ARM.attributes
                0x00000396       0x21 build/startup_stm32f401xe.o
 .ARM.attributes
                0x000003b7       0x34 c:/users/natha/devtools/arm-gnu-toolchain-12.2.mpacbti-bet1-mingw-w64-i686-arm-none-eabi/bin/../lib/gcc/arm-none-eabi/12.2.0/thumb/v7e-m+fp/hard\libc_nano.a(libc_a-findfp.o)
 .ARM.attributes
                0x000003eb       0x34 c:/users/natha/devtools/arm-gnu-toolchain-12.2.mpacbti-bet1-mingw-w64-i686-arm-none-eabi/bin/../lib/gcc/arm-none-eabi/12.2.0/thumb/v7e-m+fp/hard\libc_nano.a(libc_a-sprintf.o)
 .ARM.attributes
                0x0000041f       0x34 c:/users/natha/devtools/arm-gnu-toolchain-12.2.mpacbti-bet1-mingw-w64-i686-arm-none-eabi/bin/../lib/gcc/arm-none-eabi/12.2.0/thumb/v7e-m+fp/hard\libc_nano.a(libc_a-memset.o)
 .ARM.attributes
                0x00000453       0x34 c:/users/natha/devtools/arm-gnu-toolchain-12.2.mpacbti-bet1-mingw-w64-i686-arm-none-eabi/bin/../lib/gcc/arm-none-eabi/12.2.0/thumb/v7e-m+fp/hard\libc_nano.a(libc_a-reent.o)
 .ARM.attributes
                0x00000487       0x34 c:/users/natha/devtools/arm-gnu-toolchain-12.2.mpacbti-bet1-mingw-w64-i686-arm-none-eabi/bin/../lib/gcc/arm-none-eabi/12.2.0/thumb/v7e-m+fp/hard\libc_nano.a(libc_a-impure.o)
 .ARM.attributes
                0x000004bb       0x34 c:/users/natha/devtools/arm-gnu-toolchain-12.2.mpacbti-bet1-mingw-w64-i686-arm-none-eabi/bin/../lib/gcc/arm-none-eabi/12.2.0/thumb/v7e-m+fp/hard\libc_nano.a(libc_a-init.o)
 .ARM.attributes
                0x000004ef       0x34 c:/users/natha/devtools/arm-gnu-toolchain-12.2.mpacbti-bet1-mingw-w64-i686-arm-none-eabi/bin/../lib/gcc/arm-none-eabi/12.2.0/thumb/v7e-m+fp/hard\libc_nano.a(libc_a-lock.o)
 .ARM.attributes
                0x00000523       0x17 c:/users/natha/devtools/arm-gnu-toolchain-12.2.mpacbti-bet1-mingw-w64-i686-arm-none-eabi/bin/../lib/gcc/arm-none-eabi/12.2.0/thumb/v7e-m+fp/hard\libc_nano.a(libc_a-strlen.o)
 .ARM.attributes
                0x0000053a       0x34 c:/users/natha/devtools/arm-gnu-toolchain-12.2.mpacbti-bet1-mingw-w64-i686-arm-none-eabi/bin/../lib/gcc/arm-none-eabi/12.2.0/thumb/v7e-m+fp/hard\libc_nano.a(libc_a-freer.o)
 .ARM.attributes
                0x0000056e       0x34 c:/users/natha/devtools/arm-gnu-toolchain-12.2.mpacbti-bet1-mingw-w64-i686-arm-none-eabi/bin/../lib/gcc/arm-none-eabi/12.2.0/thumb/v7e-m+fp/hard\libc_nano.a(libc_a-mallocr.o)
 .ARM.attributes
                0x000005a2       0x34 c:/users/natha/devtools/arm-gnu-toolchain-12.2.mpacbti-bet1-mingw-w64-i686-arm-none-eabi/bin/../lib/gcc/arm-none-eabi/12.2.0/thumb/v7e-m+fp/hard\libc_nano.a(libc_a-mlock.o)
 .ARM.attributes
                0x000005d6       0x34 c:/users/natha/devtools/arm-gnu-toolchain-12.2.mpacbti-bet1-mingw-w64-i686-arm-none-eabi/bin/../lib/gcc/arm-none-eabi/12.2.0/thumb/v7e-m+fp/hard\libc_nano.a(libc_a-nano-svfprintf.o)
 .ARM.attributes
                0x0000060a       0x34 c:/users/natha/devtools/arm-gnu-toolchain-12.2.mpacbti-bet1-mingw-w64-i686-arm-none-eabi/bin/../lib/gcc/arm-none-eabi/12.2.0/thumb/v7e-m+fp/hard\libc_nano.a(libc_a-nano-vfprintf_i.o)
 .ARM.attributes
                0x0000063e       0x34 c:/users/natha/devtools/arm-gnu-toolchain-12.2.mpacbti-bet1-mingw-w64-i686-arm-none-eabi/bin/../lib/gcc/arm-none-eabi/12.2.0/thumb/v7e-m+fp/hard\libc_nano.a(libc_a-memmove.o)
 .ARM.attributes
                0x00000672       0x34 c:/users/natha/devtools/arm-gnu-toolchain-12.2.mpacbti-bet1-mingw-w64-i686-arm-none-eabi/bin/../lib/gcc/arm-none-eabi/12.2.0/thumb/v7e-m+fp/hard\libc_nano.a(libc_a-sbrkr.o)
 .ARM.attributes
                0x000006a6       0x1c c:/users/natha/devtools/arm-gnu-toolchain-12.2.mpacbti-bet1-mingw-w64-i686-arm-none-eabi/bin/../lib/gcc/arm-none-eabi/12.2.0/thumb/v7e-m+fp/hard\libc_nano.a(libc_a-memchr.o)
 .ARM.attributes
                0x000006c2       0x34 c:/users/natha/devtools/arm-gnu-toolchain-12.2.mpacbti-bet1-mingw-w64-i686-arm-none-eabi/bin/../lib/gcc/arm-none-eabi/12.2.0/thumb/v7e-m+fp/hard\libc_nano.a(libc_a-memcpy-stub.o)
 .ARM.attributes
                0x000006f6       0x34 c:/users/natha/devtools/arm-gnu-toolchain-12.2.mpacbti-bet1-mingw-w64-i686-arm-none-eabi/bin/../lib/gcc/arm-none-eabi/12.2.0/thumb/v7e-m+fp/hard\libc_nano.a(libc_a-reallocr.o)
 .ARM.attributes
                0x0000072a       0x34 c:/users/natha/devtools/arm-gnu-toolchain-12.2.mpacbti-bet1-mingw-w64-i686-arm-none-eabi/bin/../lib/gcc/arm-none-eabi/12.2.0/thumb/v7e-m+fp/hard\libc_nano.a(libc_a-msizer.o)
 .ARM.attributes
                0x0000075e       0x34 c:/users/natha/devtools/arm-gnu-toolchain-12.2.mpacbti-bet1-mingw-w64-i686-arm-none-eabi/bin/../lib/gcc/arm-none-eabi/12.2.0/thumb/v7e-m+fp/hard\libm.a(libm_a-w_atan2.o)
 .ARM.attributes
                0x00000792       0x34 c:/users/natha/devtools/arm-gnu-toolchain-12.2.mpacbti-bet1-mingw-w64-i686-arm-none-eabi/bin/../lib/gcc/arm-none-eabi/12.2.0/thumb/v7e-m+fp/hard\libm.a(libm_a-w_sqrt.o)
 .ARM.attributes
                0x000007c6       0x34 c:/users/natha/devtools/arm-gnu-toolchain-12.2.mpacbti-bet1-mingw-w64-i686-arm-none-eabi/bin/../lib/gcc/arm-none-eabi/12.2.0/thumb/v7e-m+fp/hard\libm.a(libm_a-s_atan.o)
 .ARM.attributes
                0x000007fa       0x34 c:/users/natha/devtools/arm-gnu-toolchain-12.2.mpacbti-bet1-mingw-w64-i686-arm-none-eabi/bin/../lib/gcc/arm-none-eabi/12.2.0/thumb/v7e-m+fp/hard\libm.a(libm_a-s_fabs.o)
 .ARM.attributes
                0x0000082e       0x34 c:/users/natha/devtools/arm-gnu-toolchain-12.2.mpacbti-bet1-mingw-w64-i686-arm-none-eabi/bin/../lib/gcc/arm-none-eabi/12.2.0/thumb/v7e-m+fp/hard\libm.a(libm_a-e_sqrt.o)
 .ARM.attributes
                0x00000862       0x34 c:/users/natha/devtools/arm-gnu-toolchain-12.2.mpacbti-bet1-mingw-w64-i686-arm-none-eabi/bin/../lib/gcc/arm-none-eabi/12.2.0/thumb/v7e-m+fp/hard\libm.a(libm_a-e_atan2.o)
 .ARM.attributes
                0x00000896       0x34 c:/users/natha/devtools/arm-gnu-toolchain-12.2.mpacbti-bet1-mingw-w64-i686-arm-none-eabi/bin/../lib/gcc/arm-none-eabi/12.2.0/thumb/v7e-m+fp/hard\libnosys.a(sbrk.o)
 .ARM.attributes
                0x000008ca       0x22 c:/users/natha/devtools/arm-gnu-toolchain-12.2.mpacbti-bet1-mingw-w64-i686-arm-none-eabi/bin/../lib/gcc/arm-none-eabi/12.2.0/thumb/v7e-m+fp/hard\libgcc.a(_arm_addsubdf3.o)
 .ARM.attributes
                0x000008ec       0x22 c:/users/natha/devtools/arm-gnu-toolchain-12.2.mpacbti-bet1-mingw-w64-i686-arm-none-eabi/bin/../lib/gcc/arm-none-eabi/12.2.0/thumb/v7e-m+fp/hard\libgcc.a(_arm_muldivdf3.o)
 .ARM.attributes
                0x0000090e       0x22 c:/users/natha/devtools/arm-gnu-toolchain-12.2.mpacbti-bet1-mingw-w64-i686-arm-none-eabi/bin/../lib/gcc/arm-none-eabi/12.2.0/thumb/v7e-m+fp/hard\libgcc.a(_arm_cmpdf2.o)
 .ARM.attributes
                0x00000930       0x22 c:/users/natha/devtools/arm-gnu-toolchain-12.2.mpacbti-bet1-mingw-w64-i686-arm-none-eabi/bin/../lib/gcc/arm-none-eabi/12.2.0/thumb/v7e-m+fp/hard\libgcc.a(_arm_unorddf2.o)
 .ARM.attributes
                0x00000952       0x22 c:/users/natha/devtools/arm-gnu-toolchain-12.2.mpacbti-bet1-mingw-w64-i686-arm-none-eabi/bin/../lib/gcc/arm-none-eabi/12.2.0/thumb/v7e-m+fp/hard\libgcc.a(_arm_fixunsdfsi.o)
 .ARM.attributes
                0x00000974       0x22 c:/users/natha/devtools/arm-gnu-toolchain-12.2.mpacbti-bet1-mingw-w64-i686-arm-none-eabi/bin/../lib/gcc/arm-none-eabi/12.2.0/thumb/v7e-m+fp/hard\libgcc.a(_aeabi_uldivmod.o)
 .ARM.attributes
                0x00000996       0x34 c:/users/natha/devtools/arm-gnu-toolchain-12.2.mpacbti-bet1-mingw-w64-i686-arm-none-eabi/bin/../lib/gcc/arm-none-eabi/12.2.0/thumb/v7e-m+fp/hard\libgcc.a(_udivmoddi4.o)
 .ARM.attributes
                0x000009ca       0x22 c:/users/natha/devtools/arm-gnu-toolchain-12.2.mpacbti-bet1-mingw-w64-i686-arm-none-eabi/bin/../lib/gcc/arm-none-eabi/12.2.0/thumb/v7e-m+fp/hard\libgcc.a(_dvmd_tls.o)
 .ARM.attributes
                0x000009ec       0x34 c:/users/natha/devtools/arm-gnu-toolchain-12.2.mpacbti-bet1-mingw-w64-i686-arm-none-eabi/bin/../lib/gcc/arm-none-eabi/12.2.0/thumb/v7e-m+fp/hard\libc_nano.a(libc_a-errno.o)
 .ARM.attributes
                0x00000a20       0x34 c:/users/natha/devtools/arm-gnu-toolchain-12.2.mpacbti-bet1-mingw-w64-i686-arm-none-eabi/bin/../lib/gcc/arm-none-eabi/12.2.0/thumb/v7e-m+fp/hard/crtend.o
 .ARM.attributes
                0x00000a54       0x22 c:/users/natha/devtools/arm-gnu-toolchain-12.2.mpacbti-bet1-mingw-w64-i686-arm-none-eabi/bin/../lib/gcc/arm-none-eabi/12.2.0/thumb/v7e-m+fp/hard/crtn.o
OUTPUT(build/MTE380Project.elf elf32-littlearm)
LOAD linker stubs
LOAD c:/users/natha/devtools/arm-gnu-toolchain-12.2.mpacbti-bet1-mingw-w64-i686-arm-none-eabi/bin/../lib/gcc/arm-none-eabi/12.2.0/thumb/v7e-m+fp/hard\libc.a
LOAD c:/users/natha/devtools/arm-gnu-toolchain-12.2.mpacbti-bet1-mingw-w64-i686-arm-none-eabi/bin/../lib/gcc/arm-none-eabi/12.2.0/thumb/v7e-m+fp/hard\libm.a
LOAD c:/users/natha/devtools/arm-gnu-toolchain-12.2.mpacbti-bet1-mingw-w64-i686-arm-none-eabi/bin/../lib/gcc/arm-none-eabi/12.2.0/thumb/v7e-m+fp/hard\libgcc.a

.comment        0x00000000       0x4c
 .comment       0x00000000       0x4c c:/users/natha/devtools/arm-gnu-toolchain-12.2.mpacbti-bet1-mingw-w64-i686-arm-none-eabi/bin/../lib/gcc/arm-none-eabi/12.2.0/thumb/v7e-m+fp/hard/crtbegin.o
                                 0x4d (size before relaxing)
 .comment       0x0000004c       0x4d build/main.o
 .comment       0x0000004c       0x4d build/stm32f4xx_it.o
 .comment       0x0000004c       0x4d build/stm32f4xx_hal_msp.o
 .comment       0x0000004c       0x4d build/stm32f4xx_hal_tim.o
 .comment       0x0000004c       0x4d build/stm32f4xx_hal_tim_ex.o
 .comment       0x0000004c       0x4d build/stm32f4xx_hal_rcc.o
 .comment       0x0000004c       0x4d build/stm32f4xx_hal_gpio.o
 .comment       0x0000004c       0x4d build/stm32f4xx_hal_cortex.o
 .comment       0x0000004c       0x4d build/stm32f4xx_hal.o
 .comment       0x0000004c       0x4d build/stm32f4xx_hal_uart.o
 .comment       0x0000004c       0x4d build/system_stm32f4xx.o
 .comment       0x0000004c       0x4d build/stm32f4xx_hal_adc.o
 .comment       0x0000004c       0x4d build/motor_functions.o
 .comment       0x0000004c       0x4d build/switches.o
 .comment       0x0000004c       0x4d build/mpu6050.o
 .comment       0x0000004c       0x4d build/stm32f4xx_hal_i2c.o
 .comment       0x0000004c       0x4d c:/users/natha/devtools/arm-gnu-toolchain-12.2.mpacbti-bet1-mingw-w64-i686-arm-none-eabi/bin/../lib/gcc/arm-none-eabi/12.2.0/thumb/v7e-m+fp/hard\libc_nano.a(libc_a-findfp.o)
 .comment       0x0000004c       0x4d c:/users/natha/devtools/arm-gnu-toolchain-12.2.mpacbti-bet1-mingw-w64-i686-arm-none-eabi/bin/../lib/gcc/arm-none-eabi/12.2.0/thumb/v7e-m+fp/hard\libc_nano.a(libc_a-sprintf.o)
 .comment       0x0000004c       0x4d c:/users/natha/devtools/arm-gnu-toolchain-12.2.mpacbti-bet1-mingw-w64-i686-arm-none-eabi/bin/../lib/gcc/arm-none-eabi/12.2.0/thumb/v7e-m+fp/hard\libc_nano.a(libc_a-memset.o)
 .comment       0x0000004c       0x4d c:/users/natha/devtools/arm-gnu-toolchain-12.2.mpacbti-bet1-mingw-w64-i686-arm-none-eabi/bin/../lib/gcc/arm-none-eabi/12.2.0/thumb/v7e-m+fp/hard\libc_nano.a(libc_a-reent.o)
 .comment       0x0000004c       0x4d c:/users/natha/devtools/arm-gnu-toolchain-12.2.mpacbti-bet1-mingw-w64-i686-arm-none-eabi/bin/../lib/gcc/arm-none-eabi/12.2.0/thumb/v7e-m+fp/hard\libc_nano.a(libc_a-impure.o)
 .comment       0x0000004c       0x4d c:/users/natha/devtools/arm-gnu-toolchain-12.2.mpacbti-bet1-mingw-w64-i686-arm-none-eabi/bin/../lib/gcc/arm-none-eabi/12.2.0/thumb/v7e-m+fp/hard\libc_nano.a(libc_a-init.o)
 .comment       0x0000004c       0x4d c:/users/natha/devtools/arm-gnu-toolchain-12.2.mpacbti-bet1-mingw-w64-i686-arm-none-eabi/bin/../lib/gcc/arm-none-eabi/12.2.0/thumb/v7e-m+fp/hard\libc_nano.a(libc_a-lock.o)
 .comment       0x0000004c       0x4d c:/users/natha/devtools/arm-gnu-toolchain-12.2.mpacbti-bet1-mingw-w64-i686-arm-none-eabi/bin/../lib/gcc/arm-none-eabi/12.2.0/thumb/v7e-m+fp/hard\libc_nano.a(libc_a-freer.o)
 .comment       0x0000004c       0x4d c:/users/natha/devtools/arm-gnu-toolchain-12.2.mpacbti-bet1-mingw-w64-i686-arm-none-eabi/bin/../lib/gcc/arm-none-eabi/12.2.0/thumb/v7e-m+fp/hard\libc_nano.a(libc_a-mallocr.o)
 .comment       0x0000004c       0x4d c:/users/natha/devtools/arm-gnu-toolchain-12.2.mpacbti-bet1-mingw-w64-i686-arm-none-eabi/bin/../lib/gcc/arm-none-eabi/12.2.0/thumb/v7e-m+fp/hard\libc_nano.a(libc_a-mlock.o)
 .comment       0x0000004c       0x4d c:/users/natha/devtools/arm-gnu-toolchain-12.2.mpacbti-bet1-mingw-w64-i686-arm-none-eabi/bin/../lib/gcc/arm-none-eabi/12.2.0/thumb/v7e-m+fp/hard\libc_nano.a(libc_a-nano-svfprintf.o)
 .comment       0x0000004c       0x4d c:/users/natha/devtools/arm-gnu-toolchain-12.2.mpacbti-bet1-mingw-w64-i686-arm-none-eabi/bin/../lib/gcc/arm-none-eabi/12.2.0/thumb/v7e-m+fp/hard\libc_nano.a(libc_a-nano-vfprintf_i.o)
 .comment       0x0000004c       0x4d c:/users/natha/devtools/arm-gnu-toolchain-12.2.mpacbti-bet1-mingw-w64-i686-arm-none-eabi/bin/../lib/gcc/arm-none-eabi/12.2.0/thumb/v7e-m+fp/hard\libc_nano.a(libc_a-memmove.o)
 .comment       0x0000004c       0x4d c:/users/natha/devtools/arm-gnu-toolchain-12.2.mpacbti-bet1-mingw-w64-i686-arm-none-eabi/bin/../lib/gcc/arm-none-eabi/12.2.0/thumb/v7e-m+fp/hard\libc_nano.a(libc_a-sbrkr.o)
 .comment       0x0000004c       0x4d c:/users/natha/devtools/arm-gnu-toolchain-12.2.mpacbti-bet1-mingw-w64-i686-arm-none-eabi/bin/../lib/gcc/arm-none-eabi/12.2.0/thumb/v7e-m+fp/hard\libc_nano.a(libc_a-memcpy-stub.o)
 .comment       0x0000004c       0x4d c:/users/natha/devtools/arm-gnu-toolchain-12.2.mpacbti-bet1-mingw-w64-i686-arm-none-eabi/bin/../lib/gcc/arm-none-eabi/12.2.0/thumb/v7e-m+fp/hard\libc_nano.a(libc_a-reallocr.o)
 .comment       0x0000004c       0x4d c:/users/natha/devtools/arm-gnu-toolchain-12.2.mpacbti-bet1-mingw-w64-i686-arm-none-eabi/bin/../lib/gcc/arm-none-eabi/12.2.0/thumb/v7e-m+fp/hard\libc_nano.a(libc_a-msizer.o)
 .comment       0x0000004c       0x4d c:/users/natha/devtools/arm-gnu-toolchain-12.2.mpacbti-bet1-mingw-w64-i686-arm-none-eabi/bin/../lib/gcc/arm-none-eabi/12.2.0/thumb/v7e-m+fp/hard\libm.a(libm_a-w_atan2.o)
 .comment       0x0000004c       0x4d c:/users/natha/devtools/arm-gnu-toolchain-12.2.mpacbti-bet1-mingw-w64-i686-arm-none-eabi/bin/../lib/gcc/arm-none-eabi/12.2.0/thumb/v7e-m+fp/hard\libm.a(libm_a-w_sqrt.o)
 .comment       0x0000004c       0x4d c:/users/natha/devtools/arm-gnu-toolchain-12.2.mpacbti-bet1-mingw-w64-i686-arm-none-eabi/bin/../lib/gcc/arm-none-eabi/12.2.0/thumb/v7e-m+fp/hard\libm.a(libm_a-s_atan.o)
 .comment       0x0000004c       0x4d c:/users/natha/devtools/arm-gnu-toolchain-12.2.mpacbti-bet1-mingw-w64-i686-arm-none-eabi/bin/../lib/gcc/arm-none-eabi/12.2.0/thumb/v7e-m+fp/hard\libm.a(libm_a-s_fabs.o)
 .comment       0x0000004c       0x4d c:/users/natha/devtools/arm-gnu-toolchain-12.2.mpacbti-bet1-mingw-w64-i686-arm-none-eabi/bin/../lib/gcc/arm-none-eabi/12.2.0/thumb/v7e-m+fp/hard\libm.a(libm_a-e_sqrt.o)
 .comment       0x0000004c       0x4d c:/users/natha/devtools/arm-gnu-toolchain-12.2.mpacbti-bet1-mingw-w64-i686-arm-none-eabi/bin/../lib/gcc/arm-none-eabi/12.2.0/thumb/v7e-m+fp/hard\libm.a(libm_a-e_atan2.o)
 .comment       0x0000004c       0x4d c:/users/natha/devtools/arm-gnu-toolchain-12.2.mpacbti-bet1-mingw-w64-i686-arm-none-eabi/bin/../lib/gcc/arm-none-eabi/12.2.0/thumb/v7e-m+fp/hard\libnosys.a(sbrk.o)
 .comment       0x0000004c       0x4d c:/users/natha/devtools/arm-gnu-toolchain-12.2.mpacbti-bet1-mingw-w64-i686-arm-none-eabi/bin/../lib/gcc/arm-none-eabi/12.2.0/thumb/v7e-m+fp/hard\libgcc.a(_udivmoddi4.o)
 .comment       0x0000004c       0x4d c:/users/natha/devtools/arm-gnu-toolchain-12.2.mpacbti-bet1-mingw-w64-i686-arm-none-eabi/bin/../lib/gcc/arm-none-eabi/12.2.0/thumb/v7e-m+fp/hard\libc_nano.a(libc_a-errno.o)
 .comment       0x0000004c       0x4d c:/users/natha/devtools/arm-gnu-toolchain-12.2.mpacbti-bet1-mingw-w64-i686-arm-none-eabi/bin/../lib/gcc/arm-none-eabi/12.2.0/thumb/v7e-m+fp/hard/crtend.o

.debug_info     0x00000000    0x223b7
 .debug_info    0x00000000     0x25ec build/main.o
 .debug_info    0x000025ec      0x157 build/stm32f4xx_it.o
 .debug_info    0x00002743     0x16ed build/stm32f4xx_hal_msp.o
 .debug_info    0x00003e30     0x40ba build/stm32f4xx_hal_tim.o
 .debug_info    0x00007eea     0x1d4a build/stm32f4xx_hal_tim_ex.o
 .debug_info    0x00009c34      0xc36 build/stm32f4xx_hal_rcc.o
 .debug_info    0x0000a86a      0x872 build/stm32f4xx_hal_gpio.o
 .debug_info    0x0000b0dc     0x10c4 build/stm32f4xx_hal_cortex.o
 .debug_info    0x0000c1a0      0xa8a build/stm32f4xx_hal.o
 .debug_info    0x0000cc2a     0x441d build/stm32f4xx_hal_uart.o
 .debug_info    0x00011047      0x5e5 build/system_stm32f4xx.o
 .debug_info    0x0001162c     0x1031 build/stm32f4xx_hal_adc.o
 .debug_info    0x0001265d      0xdfb build/motor_functions.o
 .debug_info    0x00013458      0x45a build/switches.o
 .debug_info    0x000138b2     0x1242 build/mpu6050.o
 .debug_info    0x00014af4     0x3b7a build/stm32f4xx_hal_i2c.o
 .debug_info    0x0001866e       0x30 build/startup_stm32f401xe.o
 .debug_info    0x0001869e      0xf8f c:/users/natha/devtools/arm-gnu-toolchain-12.2.mpacbti-bet1-mingw-w64-i686-arm-none-eabi/bin/../lib/gcc/arm-none-eabi/12.2.0/thumb/v7e-m+fp/hard\libc_nano.a(libc_a-findfp.o)
 .debug_info    0x0001962d      0x87e c:/users/natha/devtools/arm-gnu-toolchain-12.2.mpacbti-bet1-mingw-w64-i686-arm-none-eabi/bin/../lib/gcc/arm-none-eabi/12.2.0/thumb/v7e-m+fp/hard\libc_nano.a(libc_a-sprintf.o)
 .debug_info    0x00019eab       0xe0 c:/users/natha/devtools/arm-gnu-toolchain-12.2.mpacbti-bet1-mingw-w64-i686-arm-none-eabi/bin/../lib/gcc/arm-none-eabi/12.2.0/thumb/v7e-m+fp/hard\libc_nano.a(libc_a-memset.o)
 .debug_info    0x00019f8b      0x854 c:/users/natha/devtools/arm-gnu-toolchain-12.2.mpacbti-bet1-mingw-w64-i686-arm-none-eabi/bin/../lib/gcc/arm-none-eabi/12.2.0/thumb/v7e-m+fp/hard\libc_nano.a(libc_a-reent.o)
 .debug_info    0x0001a7df      0x714 c:/users/natha/devtools/arm-gnu-toolchain-12.2.mpacbti-bet1-mingw-w64-i686-arm-none-eabi/bin/../lib/gcc/arm-none-eabi/12.2.0/thumb/v7e-m+fp/hard\libc_nano.a(libc_a-impure.o)
 .debug_info    0x0001aef3      0x10b c:/users/natha/devtools/arm-gnu-toolchain-12.2.mpacbti-bet1-mingw-w64-i686-arm-none-eabi/bin/../lib/gcc/arm-none-eabi/12.2.0/thumb/v7e-m+fp/hard\libc_nano.a(libc_a-init.o)
 .debug_info    0x0001affe      0x20a c:/users/natha/devtools/arm-gnu-toolchain-12.2.mpacbti-bet1-mingw-w64-i686-arm-none-eabi/bin/../lib/gcc/arm-none-eabi/12.2.0/thumb/v7e-m+fp/hard\libc_nano.a(libc_a-lock.o)
 .debug_info    0x0001b208       0x2f c:/users/natha/devtools/arm-gnu-toolchain-12.2.mpacbti-bet1-mingw-w64-i686-arm-none-eabi/bin/../lib/gcc/arm-none-eabi/12.2.0/thumb/v7e-m+fp/hard\libc_nano.a(libc_a-strlen.o)
 .debug_info    0x0001b237      0x84a c:/users/natha/devtools/arm-gnu-toolchain-12.2.mpacbti-bet1-mingw-w64-i686-arm-none-eabi/bin/../lib/gcc/arm-none-eabi/12.2.0/thumb/v7e-m+fp/hard\libc_nano.a(libc_a-freer.o)
 .debug_info    0x0001ba81      0x9b5 c:/users/natha/devtools/arm-gnu-toolchain-12.2.mpacbti-bet1-mingw-w64-i686-arm-none-eabi/bin/../lib/gcc/arm-none-eabi/12.2.0/thumb/v7e-m+fp/hard\libc_nano.a(libc_a-mallocr.o)
 .debug_info    0x0001c436      0x76a c:/users/natha/devtools/arm-gnu-toolchain-12.2.mpacbti-bet1-mingw-w64-i686-arm-none-eabi/bin/../lib/gcc/arm-none-eabi/12.2.0/thumb/v7e-m+fp/hard\libc_nano.a(libc_a-mlock.o)
 .debug_info    0x0001cba0     0x10c2 c:/users/natha/devtools/arm-gnu-toolchain-12.2.mpacbti-bet1-mingw-w64-i686-arm-none-eabi/bin/../lib/gcc/arm-none-eabi/12.2.0/thumb/v7e-m+fp/hard\libc_nano.a(libc_a-nano-svfprintf.o)
 .debug_info    0x0001dc62      0xddf c:/users/natha/devtools/arm-gnu-toolchain-12.2.mpacbti-bet1-mingw-w64-i686-arm-none-eabi/bin/../lib/gcc/arm-none-eabi/12.2.0/thumb/v7e-m+fp/hard\libc_nano.a(libc_a-nano-vfprintf_i.o)
 .debug_info    0x0001ea41      0x10f c:/users/natha/devtools/arm-gnu-toolchain-12.2.mpacbti-bet1-mingw-w64-i686-arm-none-eabi/bin/../lib/gcc/arm-none-eabi/12.2.0/thumb/v7e-m+fp/hard\libc_nano.a(libc_a-memmove.o)
 .debug_info    0x0001eb50      0x77b c:/users/natha/devtools/arm-gnu-toolchain-12.2.mpacbti-bet1-mingw-w64-i686-arm-none-eabi/bin/../lib/gcc/arm-none-eabi/12.2.0/thumb/v7e-m+fp/hard\libc_nano.a(libc_a-sbrkr.o)
 .debug_info    0x0001f2cb       0x25 c:/users/natha/devtools/arm-gnu-toolchain-12.2.mpacbti-bet1-mingw-w64-i686-arm-none-eabi/bin/../lib/gcc/arm-none-eabi/12.2.0/thumb/v7e-m+fp/hard\libc_nano.a(libc_a-memchr.o)
 .debug_info    0x0001f2f0      0x121 c:/users/natha/devtools/arm-gnu-toolchain-12.2.mpacbti-bet1-mingw-w64-i686-arm-none-eabi/bin/../lib/gcc/arm-none-eabi/12.2.0/thumb/v7e-m+fp/hard\libc_nano.a(libc_a-memcpy-stub.o)
 .debug_info    0x0001f411      0x8c6 c:/users/natha/devtools/arm-gnu-toolchain-12.2.mpacbti-bet1-mingw-w64-i686-arm-none-eabi/bin/../lib/gcc/arm-none-eabi/12.2.0/thumb/v7e-m+fp/hard\libc_nano.a(libc_a-reallocr.o)
 .debug_info    0x0001fcd7      0x793 c:/users/natha/devtools/arm-gnu-toolchain-12.2.mpacbti-bet1-mingw-w64-i686-arm-none-eabi/bin/../lib/gcc/arm-none-eabi/12.2.0/thumb/v7e-m+fp/hard\libc_nano.a(libc_a-msizer.o)
 .debug_info    0x0002046a      0x107 c:/users/natha/devtools/arm-gnu-toolchain-12.2.mpacbti-bet1-mingw-w64-i686-arm-none-eabi/bin/../lib/gcc/arm-none-eabi/12.2.0/thumb/v7e-m+fp/hard\libm.a(libm_a-w_atan2.o)
 .debug_info    0x00020571      0x14b c:/users/natha/devtools/arm-gnu-toolchain-12.2.mpacbti-bet1-mingw-w64-i686-arm-none-eabi/bin/../lib/gcc/arm-none-eabi/12.2.0/thumb/v7e-m+fp/hard\libm.a(libm_a-w_sqrt.o)
 .debug_info    0x000206bc      0x473 c:/users/natha/devtools/arm-gnu-toolchain-12.2.mpacbti-bet1-mingw-w64-i686-arm-none-eabi/bin/../lib/gcc/arm-none-eabi/12.2.0/thumb/v7e-m+fp/hard\libm.a(libm_a-s_atan.o)
 .debug_info    0x00020b2f      0x14b c:/users/natha/devtools/arm-gnu-toolchain-12.2.mpacbti-bet1-mingw-w64-i686-arm-none-eabi/bin/../lib/gcc/arm-none-eabi/12.2.0/thumb/v7e-m+fp/hard\libm.a(libm_a-s_fabs.o)
 .debug_info    0x00020c7a      0x2e8 c:/users/natha/devtools/arm-gnu-toolchain-12.2.mpacbti-bet1-mingw-w64-i686-arm-none-eabi/bin/../lib/gcc/arm-none-eabi/12.2.0/thumb/v7e-m+fp/hard\libm.a(libm_a-e_sqrt.o)
 .debug_info    0x00020f62      0x331 c:/users/natha/devtools/arm-gnu-toolchain-12.2.mpacbti-bet1-mingw-w64-i686-arm-none-eabi/bin/../lib/gcc/arm-none-eabi/12.2.0/thumb/v7e-m+fp/hard\libm.a(libm_a-e_atan2.o)
 .debug_info    0x00021293       0x9e c:/users/natha/devtools/arm-gnu-toolchain-12.2.mpacbti-bet1-mingw-w64-i686-arm-none-eabi/bin/../lib/gcc/arm-none-eabi/12.2.0/thumb/v7e-m+fp/hard\libnosys.a(sbrk.o)
 .debug_info    0x00021331       0xb6 c:/users/natha/devtools/arm-gnu-toolchain-12.2.mpacbti-bet1-mingw-w64-i686-arm-none-eabi/bin/../lib/gcc/arm-none-eabi/12.2.0/thumb/v7e-m+fp/hard\libgcc.a(_arm_addsubdf3.o)
 .debug_info    0x000213e7       0x52 c:/users/natha/devtools/arm-gnu-toolchain-12.2.mpacbti-bet1-mingw-w64-i686-arm-none-eabi/bin/../lib/gcc/arm-none-eabi/12.2.0/thumb/v7e-m+fp/hard\libgcc.a(_arm_muldivdf3.o)
 .debug_info    0x00021439       0xc0 c:/users/natha/devtools/arm-gnu-toolchain-12.2.mpacbti-bet1-mingw-w64-i686-arm-none-eabi/bin/../lib/gcc/arm-none-eabi/12.2.0/thumb/v7e-m+fp/hard\libgcc.a(_arm_cmpdf2.o)
 .debug_info    0x000214f9       0x39 c:/users/natha/devtools/arm-gnu-toolchain-12.2.mpacbti-bet1-mingw-w64-i686-arm-none-eabi/bin/../lib/gcc/arm-none-eabi/12.2.0/thumb/v7e-m+fp/hard\libgcc.a(_arm_unorddf2.o)
 .debug_info    0x00021532       0x39 c:/users/natha/devtools/arm-gnu-toolchain-12.2.mpacbti-bet1-mingw-w64-i686-arm-none-eabi/bin/../lib/gcc/arm-none-eabi/12.2.0/thumb/v7e-m+fp/hard\libgcc.a(_arm_fixunsdfsi.o)
 .debug_info    0x0002156b       0x24 c:/users/natha/devtools/arm-gnu-toolchain-12.2.mpacbti-bet1-mingw-w64-i686-arm-none-eabi/bin/../lib/gcc/arm-none-eabi/12.2.0/thumb/v7e-m+fp/hard\libgcc.a(_aeabi_uldivmod.o)
 .debug_info    0x0002158f      0x6f5 c:/users/natha/devtools/arm-gnu-toolchain-12.2.mpacbti-bet1-mingw-w64-i686-arm-none-eabi/bin/../lib/gcc/arm-none-eabi/12.2.0/thumb/v7e-m+fp/hard\libgcc.a(_udivmoddi4.o)
 .debug_info    0x00021c84       0x39 c:/users/natha/devtools/arm-gnu-toolchain-12.2.mpacbti-bet1-mingw-w64-i686-arm-none-eabi/bin/../lib/gcc/arm-none-eabi/12.2.0/thumb/v7e-m+fp/hard\libgcc.a(_dvmd_tls.o)
 .debug_info    0x00021cbd      0x6fa c:/users/natha/devtools/arm-gnu-toolchain-12.2.mpacbti-bet1-mingw-w64-i686-arm-none-eabi/bin/../lib/gcc/arm-none-eabi/12.2.0/thumb/v7e-m+fp/hard\libc_nano.a(libc_a-errno.o)

.debug_abbrev   0x00000000     0x50cd
 .debug_abbrev  0x00000000      0x2dd build/main.o
 .debug_abbrev  0x000002dd       0x80 build/stm32f4xx_it.o
 .debug_abbrev  0x0000035d      0x268 build/stm32f4xx_hal_msp.o
 .debug_abbrev  0x000005c5      0x2c7 build/stm32f4xx_hal_tim.o
 .debug_abbrev  0x0000088c      0x2c1 build/stm32f4xx_hal_tim_ex.o
 .debug_abbrev  0x00000b4d      0x2de build/stm32f4xx_hal_rcc.o
 .debug_abbrev  0x00000e2b      0x22b build/stm32f4xx_hal_gpio.o
 .debug_abbrev  0x00001056      0x3d3 build/stm32f4xx_hal_cortex.o
 .debug_abbrev  0x00001429      0x275 build/stm32f4xx_hal.o
 .debug_abbrev  0x0000169e      0x380 build/stm32f4xx_hal_uart.o
 .debug_abbrev  0x00001a1e      0x11b build/system_stm32f4xx.o
 .debug_abbrev  0x00001b39      0x287 build/stm32f4xx_hal_adc.o
 .debug_abbrev  0x00001dc0      0x1cf build/motor_functions.o
 .debug_abbrev  0x00001f8f      0x18f build/switches.o
 .debug_abbrev  0x0000211e      0x258 build/mpu6050.o
 .debug_abbrev  0x00002376      0x339 build/stm32f4xx_hal_i2c.o
 .debug_abbrev  0x000026af       0x1d build/startup_stm32f401xe.o
 .debug_abbrev  0x000026cc      0x40c c:/users/natha/devtools/arm-gnu-toolchain-12.2.mpacbti-bet1-mingw-w64-i686-arm-none-eabi/bin/../lib/gcc/arm-none-eabi/12.2.0/thumb/v7e-m+fp/hard\libc_nano.a(libc_a-findfp.o)
 .debug_abbrev  0x00002ad8      0x21c c:/users/natha/devtools/arm-gnu-toolchain-12.2.mpacbti-bet1-mingw-w64-i686-arm-none-eabi/bin/../lib/gcc/arm-none-eabi/12.2.0/thumb/v7e-m+fp/hard\libc_nano.a(libc_a-sprintf.o)
 .debug_abbrev  0x00002cf4       0x9e c:/users/natha/devtools/arm-gnu-toolchain-12.2.mpacbti-bet1-mingw-w64-i686-arm-none-eabi/bin/../lib/gcc/arm-none-eabi/12.2.0/thumb/v7e-m+fp/hard\libc_nano.a(libc_a-memset.o)
 .debug_abbrev  0x00002d92      0x1ed c:/users/natha/devtools/arm-gnu-toolchain-12.2.mpacbti-bet1-mingw-w64-i686-arm-none-eabi/bin/../lib/gcc/arm-none-eabi/12.2.0/thumb/v7e-m+fp/hard\libc_nano.a(libc_a-reent.o)
 .debug_abbrev  0x00002f7f      0x149 c:/users/natha/devtools/arm-gnu-toolchain-12.2.mpacbti-bet1-mingw-w64-i686-arm-none-eabi/bin/../lib/gcc/arm-none-eabi/12.2.0/thumb/v7e-m+fp/hard\libc_nano.a(libc_a-impure.o)
 .debug_abbrev  0x000030c8       0xc9 c:/users/natha/devtools/arm-gnu-toolchain-12.2.mpacbti-bet1-mingw-w64-i686-arm-none-eabi/bin/../lib/gcc/arm-none-eabi/12.2.0/thumb/v7e-m+fp/hard\libc_nano.a(libc_a-init.o)
 .debug_abbrev  0x00003191      0x115 c:/users/natha/devtools/arm-gnu-toolchain-12.2.mpacbti-bet1-mingw-w64-i686-arm-none-eabi/bin/../lib/gcc/arm-none-eabi/12.2.0/thumb/v7e-m+fp/hard\libc_nano.a(libc_a-lock.o)
 .debug_abbrev  0x000032a6       0x21 c:/users/natha/devtools/arm-gnu-toolchain-12.2.mpacbti-bet1-mingw-w64-i686-arm-none-eabi/bin/../lib/gcc/arm-none-eabi/12.2.0/thumb/v7e-m+fp/hard\libc_nano.a(libc_a-strlen.o)
 .debug_abbrev  0x000032c7      0x236 c:/users/natha/devtools/arm-gnu-toolchain-12.2.mpacbti-bet1-mingw-w64-i686-arm-none-eabi/bin/../lib/gcc/arm-none-eabi/12.2.0/thumb/v7e-m+fp/hard\libc_nano.a(libc_a-freer.o)
 .debug_abbrev  0x000034fd      0x24a c:/users/natha/devtools/arm-gnu-toolchain-12.2.mpacbti-bet1-mingw-w64-i686-arm-none-eabi/bin/../lib/gcc/arm-none-eabi/12.2.0/thumb/v7e-m+fp/hard\libc_nano.a(libc_a-mallocr.o)
 .debug_abbrev  0x00003747      0x1bf c:/users/natha/devtools/arm-gnu-toolchain-12.2.mpacbti-bet1-mingw-w64-i686-arm-none-eabi/bin/../lib/gcc/arm-none-eabi/12.2.0/thumb/v7e-m+fp/hard\libc_nano.a(libc_a-mlock.o)
 .debug_abbrev  0x00003906      0x31f c:/users/natha/devtools/arm-gnu-toolchain-12.2.mpacbti-bet1-mingw-w64-i686-arm-none-eabi/bin/../lib/gcc/arm-none-eabi/12.2.0/thumb/v7e-m+fp/hard\libc_nano.a(libc_a-nano-svfprintf.o)
 .debug_abbrev  0x00003c25      0x28f c:/users/natha/devtools/arm-gnu-toolchain-12.2.mpacbti-bet1-mingw-w64-i686-arm-none-eabi/bin/../lib/gcc/arm-none-eabi/12.2.0/thumb/v7e-m+fp/hard\libc_nano.a(libc_a-nano-vfprintf_i.o)
 .debug_abbrev  0x00003eb4       0xac c:/users/natha/devtools/arm-gnu-toolchain-12.2.mpacbti-bet1-mingw-w64-i686-arm-none-eabi/bin/../lib/gcc/arm-none-eabi/12.2.0/thumb/v7e-m+fp/hard\libc_nano.a(libc_a-memmove.o)
 .debug_abbrev  0x00003f60      0x1da c:/users/natha/devtools/arm-gnu-toolchain-12.2.mpacbti-bet1-mingw-w64-i686-arm-none-eabi/bin/../lib/gcc/arm-none-eabi/12.2.0/thumb/v7e-m+fp/hard\libc_nano.a(libc_a-sbrkr.o)
 .debug_abbrev  0x0000413a       0x14 c:/users/natha/devtools/arm-gnu-toolchain-12.2.mpacbti-bet1-mingw-w64-i686-arm-none-eabi/bin/../lib/gcc/arm-none-eabi/12.2.0/thumb/v7e-m+fp/hard\libc_nano.a(libc_a-memchr.o)
 .debug_abbrev  0x0000414e       0xc1 c:/users/natha/devtools/arm-gnu-toolchain-12.2.mpacbti-bet1-mingw-w64-i686-arm-none-eabi/bin/../lib/gcc/arm-none-eabi/12.2.0/thumb/v7e-m+fp/hard\libc_nano.a(libc_a-memcpy-stub.o)
 .debug_abbrev  0x0000420f      0x217 c:/users/natha/devtools/arm-gnu-toolchain-12.2.mpacbti-bet1-mingw-w64-i686-arm-none-eabi/bin/../lib/gcc/arm-none-eabi/12.2.0/thumb/v7e-m+fp/hard\libc_nano.a(libc_a-reallocr.o)
 .debug_abbrev  0x00004426      0x196 c:/users/natha/devtools/arm-gnu-toolchain-12.2.mpacbti-bet1-mingw-w64-i686-arm-none-eabi/bin/../lib/gcc/arm-none-eabi/12.2.0/thumb/v7e-m+fp/hard\libc_nano.a(libc_a-msizer.o)
 .debug_abbrev  0x000045bc       0x8d c:/users/natha/devtools/arm-gnu-toolchain-12.2.mpacbti-bet1-mingw-w64-i686-arm-none-eabi/bin/../lib/gcc/arm-none-eabi/12.2.0/thumb/v7e-m+fp/hard\libm.a(libm_a-w_atan2.o)
 .debug_abbrev  0x00004649       0xd5 c:/users/natha/devtools/arm-gnu-toolchain-12.2.mpacbti-bet1-mingw-w64-i686-arm-none-eabi/bin/../lib/gcc/arm-none-eabi/12.2.0/thumb/v7e-m+fp/hard\libm.a(libm_a-w_sqrt.o)
 .debug_abbrev  0x0000471e      0x18d c:/users/natha/devtools/arm-gnu-toolchain-12.2.mpacbti-bet1-mingw-w64-i686-arm-none-eabi/bin/../lib/gcc/arm-none-eabi/12.2.0/thumb/v7e-m+fp/hard\libm.a(libm_a-s_atan.o)
 .debug_abbrev  0x000048ab       0xec c:/users/natha/devtools/arm-gnu-toolchain-12.2.mpacbti-bet1-mingw-w64-i686-arm-none-eabi/bin/../lib/gcc/arm-none-eabi/12.2.0/thumb/v7e-m+fp/hard\libm.a(libm_a-s_fabs.o)
 .debug_abbrev  0x00004997      0x15e c:/users/natha/devtools/arm-gnu-toolchain-12.2.mpacbti-bet1-mingw-w64-i686-arm-none-eabi/bin/../lib/gcc/arm-none-eabi/12.2.0/thumb/v7e-m+fp/hard\libm.a(libm_a-e_sqrt.o)
 .debug_abbrev  0x00004af5      0x197 c:/users/natha/devtools/arm-gnu-toolchain-12.2.mpacbti-bet1-mingw-w64-i686-arm-none-eabi/bin/../lib/gcc/arm-none-eabi/12.2.0/thumb/v7e-m+fp/hard\libm.a(libm_a-e_atan2.o)
 .debug_abbrev  0x00004c8c       0xa1 c:/users/natha/devtools/arm-gnu-toolchain-12.2.mpacbti-bet1-mingw-w64-i686-arm-none-eabi/bin/../lib/gcc/arm-none-eabi/12.2.0/thumb/v7e-m+fp/hard\libnosys.a(sbrk.o)
 .debug_abbrev  0x00004d2d       0x21 c:/users/natha/devtools/arm-gnu-toolchain-12.2.mpacbti-bet1-mingw-w64-i686-arm-none-eabi/bin/../lib/gcc/arm-none-eabi/12.2.0/thumb/v7e-m+fp/hard\libgcc.a(_arm_addsubdf3.o)
 .debug_abbrev  0x00004d4e       0x21 c:/users/natha/devtools/arm-gnu-toolchain-12.2.mpacbti-bet1-mingw-w64-i686-arm-none-eabi/bin/../lib/gcc/arm-none-eabi/12.2.0/thumb/v7e-m+fp/hard\libgcc.a(_arm_muldivdf3.o)
 .debug_abbrev  0x00004d6f       0x21 c:/users/natha/devtools/arm-gnu-toolchain-12.2.mpacbti-bet1-mingw-w64-i686-arm-none-eabi/bin/../lib/gcc/arm-none-eabi/12.2.0/thumb/v7e-m+fp/hard\libgcc.a(_arm_cmpdf2.o)
 .debug_abbrev  0x00004d90       0x21 c:/users/natha/devtools/arm-gnu-toolchain-12.2.mpacbti-bet1-mingw-w64-i686-arm-none-eabi/bin/../lib/gcc/arm-none-eabi/12.2.0/thumb/v7e-m+fp/hard\libgcc.a(_arm_unorddf2.o)
 .debug_abbrev  0x00004db1       0x21 c:/users/natha/devtools/arm-gnu-toolchain-12.2.mpacbti-bet1-mingw-w64-i686-arm-none-eabi/bin/../lib/gcc/arm-none-eabi/12.2.0/thumb/v7e-m+fp/hard\libgcc.a(_arm_fixunsdfsi.o)
 .debug_abbrev  0x00004dd2       0x14 c:/users/natha/devtools/arm-gnu-toolchain-12.2.mpacbti-bet1-mingw-w64-i686-arm-none-eabi/bin/../lib/gcc/arm-none-eabi/12.2.0/thumb/v7e-m+fp/hard\libgcc.a(_aeabi_uldivmod.o)
 .debug_abbrev  0x00004de6      0x16a c:/users/natha/devtools/arm-gnu-toolchain-12.2.mpacbti-bet1-mingw-w64-i686-arm-none-eabi/bin/../lib/gcc/arm-none-eabi/12.2.0/thumb/v7e-m+fp/hard\libgcc.a(_udivmoddi4.o)
 .debug_abbrev  0x00004f50       0x1f c:/users/natha/devtools/arm-gnu-toolchain-12.2.mpacbti-bet1-mingw-w64-i686-arm-none-eabi/bin/../lib/gcc/arm-none-eabi/12.2.0/thumb/v7e-m+fp/hard\libgcc.a(_dvmd_tls.o)
 .debug_abbrev  0x00004f6f      0x15e c:/users/natha/devtools/arm-gnu-toolchain-12.2.mpacbti-bet1-mingw-w64-i686-arm-none-eabi/bin/../lib/gcc/arm-none-eabi/12.2.0/thumb/v7e-m+fp/hard\libc_nano.a(libc_a-errno.o)

.debug_loc      0x00000000    0x15289
 .debug_loc     0x00000000      0x1ec build/main.o
 .debug_loc     0x000001ec       0x20 build/stm32f4xx_it.o
 .debug_loc     0x0000020c      0x385 build/stm32f4xx_hal_msp.o
 .debug_loc     0x00000591     0x5cc6 build/stm32f4xx_hal_tim.o
 .debug_loc     0x00006257     0x2107 build/stm32f4xx_hal_tim_ex.o
 .debug_loc     0x0000835e      0x6e4 build/stm32f4xx_hal_rcc.o
 .debug_loc     0x00008a42      0x5db build/stm32f4xx_hal_gpio.o
 .debug_loc     0x0000901d      0x7a7 build/stm32f4xx_hal_cortex.o
 .debug_loc     0x000097c4      0x1e1 build/stm32f4xx_hal.o
 .debug_loc     0x000099a5     0x4ff2 build/stm32f4xx_hal_uart.o
 .debug_loc     0x0000e997      0x158 build/system_stm32f4xx.o
 .debug_loc     0x0000eaef      0xe46 build/stm32f4xx_hal_adc.o
 .debug_loc     0x0000f935      0x49e build/motor_functions.o
 .debug_loc     0x0000fdd3      0x17f build/switches.o
 .debug_loc     0x0000ff52      0x556 build/mpu6050.o
 .debug_loc     0x000104a8     0x4de1 build/stm32f4xx_hal_i2c.o

.debug_aranges  0x00000000     0x1508
 .debug_aranges
                0x00000000       0x58 build/main.o
 .debug_aranges
                0x00000058       0x60 build/stm32f4xx_it.o
 .debug_aranges
                0x000000b8       0x68 build/stm32f4xx_hal_msp.o
 .debug_aranges
                0x00000120      0x3d0 build/stm32f4xx_hal_tim.o
 .debug_aranges
                0x000004f0      0x168 build/stm32f4xx_hal_tim_ex.o
 .debug_aranges
                0x00000658       0x88 build/stm32f4xx_hal_rcc.o
 .debug_aranges
                0x000006e0       0x58 build/stm32f4xx_hal_gpio.o
 .debug_aranges
                0x00000738       0xd8 build/stm32f4xx_hal_cortex.o
 .debug_aranges
                0x00000810       0xf0 build/stm32f4xx_hal.o
 .debug_aranges
                0x00000900      0x200 build/stm32f4xx_hal_uart.o
 .debug_aranges
                0x00000b00       0x28 build/system_stm32f4xx.o
 .debug_aranges
                0x00000b28       0xe8 build/stm32f4xx_hal_adc.o
 .debug_aranges
                0x00000c10       0x78 build/motor_functions.o
 .debug_aranges
                0x00000c88       0x48 build/switches.o
 .debug_aranges
                0x00000cd0       0x48 build/mpu6050.o
 .debug_aranges
                0x00000d18      0x2a0 build/stm32f4xx_hal_i2c.o
 .debug_aranges
                0x00000fb8       0x28 build/startup_stm32f401xe.o
 .debug_aranges
                0x00000fe0       0x78 c:/users/natha/devtools/arm-gnu-toolchain-12.2.mpacbti-bet1-mingw-w64-i686-arm-none-eabi/bin/../lib/gcc/arm-none-eabi/12.2.0/thumb/v7e-m+fp/hard\libc_nano.a(libc_a-findfp.o)
 .debug_aranges
                0x00001058       0x28 c:/users/natha/devtools/arm-gnu-toolchain-12.2.mpacbti-bet1-mingw-w64-i686-arm-none-eabi/bin/../lib/gcc/arm-none-eabi/12.2.0/thumb/v7e-m+fp/hard\libc_nano.a(libc_a-sprintf.o)
 .debug_aranges
                0x00001080       0x20 c:/users/natha/devtools/arm-gnu-toolchain-12.2.mpacbti-bet1-mingw-w64-i686-arm-none-eabi/bin/../lib/gcc/arm-none-eabi/12.2.0/thumb/v7e-m+fp/hard\libc_nano.a(libc_a-memset.o)
 .debug_aranges
                0x000010a0       0x20 c:/users/natha/devtools/arm-gnu-toolchain-12.2.mpacbti-bet1-mingw-w64-i686-arm-none-eabi/bin/../lib/gcc/arm-none-eabi/12.2.0/thumb/v7e-m+fp/hard\libc_nano.a(libc_a-reent.o)
 .debug_aranges
                0x000010c0       0x18 c:/users/natha/devtools/arm-gnu-toolchain-12.2.mpacbti-bet1-mingw-w64-i686-arm-none-eabi/bin/../lib/gcc/arm-none-eabi/12.2.0/thumb/v7e-m+fp/hard\libc_nano.a(libc_a-impure.o)
 .debug_aranges
                0x000010d8       0x20 c:/users/natha/devtools/arm-gnu-toolchain-12.2.mpacbti-bet1-mingw-w64-i686-arm-none-eabi/bin/../lib/gcc/arm-none-eabi/12.2.0/thumb/v7e-m+fp/hard\libc_nano.a(libc_a-init.o)
 .debug_aranges
                0x000010f8       0x68 c:/users/natha/devtools/arm-gnu-toolchain-12.2.mpacbti-bet1-mingw-w64-i686-arm-none-eabi/bin/../lib/gcc/arm-none-eabi/12.2.0/thumb/v7e-m+fp/hard\libc_nano.a(libc_a-lock.o)
 .debug_aranges
                0x00001160       0x20 c:/users/natha/devtools/arm-gnu-toolchain-12.2.mpacbti-bet1-mingw-w64-i686-arm-none-eabi/bin/../lib/gcc/arm-none-eabi/12.2.0/thumb/v7e-m+fp/hard\libc_nano.a(libc_a-strlen.o)
 .debug_aranges
                0x00001180       0x20 c:/users/natha/devtools/arm-gnu-toolchain-12.2.mpacbti-bet1-mingw-w64-i686-arm-none-eabi/bin/../lib/gcc/arm-none-eabi/12.2.0/thumb/v7e-m+fp/hard\libc_nano.a(libc_a-freer.o)
 .debug_aranges
                0x000011a0       0x28 c:/users/natha/devtools/arm-gnu-toolchain-12.2.mpacbti-bet1-mingw-w64-i686-arm-none-eabi/bin/../lib/gcc/arm-none-eabi/12.2.0/thumb/v7e-m+fp/hard\libc_nano.a(libc_a-mallocr.o)
 .debug_aranges
                0x000011c8       0x28 c:/users/natha/devtools/arm-gnu-toolchain-12.2.mpacbti-bet1-mingw-w64-i686-arm-none-eabi/bin/../lib/gcc/arm-none-eabi/12.2.0/thumb/v7e-m+fp/hard\libc_nano.a(libc_a-mlock.o)
 .debug_aranges
                0x000011f0       0x30 c:/users/natha/devtools/arm-gnu-toolchain-12.2.mpacbti-bet1-mingw-w64-i686-arm-none-eabi/bin/../lib/gcc/arm-none-eabi/12.2.0/thumb/v7e-m+fp/hard\libc_nano.a(libc_a-nano-svfprintf.o)
 .debug_aranges
                0x00001220       0x28 c:/users/natha/devtools/arm-gnu-toolchain-12.2.mpacbti-bet1-mingw-w64-i686-arm-none-eabi/bin/../lib/gcc/arm-none-eabi/12.2.0/thumb/v7e-m+fp/hard\libc_nano.a(libc_a-nano-vfprintf_i.o)
 .debug_aranges
                0x00001248       0x20 c:/users/natha/devtools/arm-gnu-toolchain-12.2.mpacbti-bet1-mingw-w64-i686-arm-none-eabi/bin/../lib/gcc/arm-none-eabi/12.2.0/thumb/v7e-m+fp/hard\libc_nano.a(libc_a-memmove.o)
 .debug_aranges
                0x00001268       0x20 c:/users/natha/devtools/arm-gnu-toolchain-12.2.mpacbti-bet1-mingw-w64-i686-arm-none-eabi/bin/../lib/gcc/arm-none-eabi/12.2.0/thumb/v7e-m+fp/hard\libc_nano.a(libc_a-sbrkr.o)
 .debug_aranges
                0x00001288       0x20 c:/users/natha/devtools/arm-gnu-toolchain-12.2.mpacbti-bet1-mingw-w64-i686-arm-none-eabi/bin/../lib/gcc/arm-none-eabi/12.2.0/thumb/v7e-m+fp/hard\libc_nano.a(libc_a-memchr.o)
 .debug_aranges
                0x000012a8       0x20 c:/users/natha/devtools/arm-gnu-toolchain-12.2.mpacbti-bet1-mingw-w64-i686-arm-none-eabi/bin/../lib/gcc/arm-none-eabi/12.2.0/thumb/v7e-m+fp/hard\libc_nano.a(libc_a-memcpy-stub.o)
 .debug_aranges
                0x000012c8       0x20 c:/users/natha/devtools/arm-gnu-toolchain-12.2.mpacbti-bet1-mingw-w64-i686-arm-none-eabi/bin/../lib/gcc/arm-none-eabi/12.2.0/thumb/v7e-m+fp/hard\libc_nano.a(libc_a-reallocr.o)
 .debug_aranges
                0x000012e8       0x20 c:/users/natha/devtools/arm-gnu-toolchain-12.2.mpacbti-bet1-mingw-w64-i686-arm-none-eabi/bin/../lib/gcc/arm-none-eabi/12.2.0/thumb/v7e-m+fp/hard\libc_nano.a(libc_a-msizer.o)
 .debug_aranges
                0x00001308       0x20 c:/users/natha/devtools/arm-gnu-toolchain-12.2.mpacbti-bet1-mingw-w64-i686-arm-none-eabi/bin/../lib/gcc/arm-none-eabi/12.2.0/thumb/v7e-m+fp/hard\libm.a(libm_a-w_atan2.o)
 .debug_aranges
                0x00001328       0x20 c:/users/natha/devtools/arm-gnu-toolchain-12.2.mpacbti-bet1-mingw-w64-i686-arm-none-eabi/bin/../lib/gcc/arm-none-eabi/12.2.0/thumb/v7e-m+fp/hard\libm.a(libm_a-w_sqrt.o)
 .debug_aranges
                0x00001348       0x20 c:/users/natha/devtools/arm-gnu-toolchain-12.2.mpacbti-bet1-mingw-w64-i686-arm-none-eabi/bin/../lib/gcc/arm-none-eabi/12.2.0/thumb/v7e-m+fp/hard\libm.a(libm_a-s_atan.o)
 .debug_aranges
                0x00001368       0x20 c:/users/natha/devtools/arm-gnu-toolchain-12.2.mpacbti-bet1-mingw-w64-i686-arm-none-eabi/bin/../lib/gcc/arm-none-eabi/12.2.0/thumb/v7e-m+fp/hard\libm.a(libm_a-s_fabs.o)
 .debug_aranges
                0x00001388       0x20 c:/users/natha/devtools/arm-gnu-toolchain-12.2.mpacbti-bet1-mingw-w64-i686-arm-none-eabi/bin/../lib/gcc/arm-none-eabi/12.2.0/thumb/v7e-m+fp/hard\libm.a(libm_a-e_sqrt.o)
 .debug_aranges
                0x000013a8       0x20 c:/users/natha/devtools/arm-gnu-toolchain-12.2.mpacbti-bet1-mingw-w64-i686-arm-none-eabi/bin/../lib/gcc/arm-none-eabi/12.2.0/thumb/v7e-m+fp/hard\libm.a(libm_a-e_atan2.o)
 .debug_aranges
                0x000013c8       0x20 c:/users/natha/devtools/arm-gnu-toolchain-12.2.mpacbti-bet1-mingw-w64-i686-arm-none-eabi/bin/../lib/gcc/arm-none-eabi/12.2.0/thumb/v7e-m+fp/hard\libnosys.a(sbrk.o)
 .debug_aranges
                0x000013e8       0x20 c:/users/natha/devtools/arm-gnu-toolchain-12.2.mpacbti-bet1-mingw-w64-i686-arm-none-eabi/bin/../lib/gcc/arm-none-eabi/12.2.0/thumb/v7e-m+fp/hard\libgcc.a(_arm_addsubdf3.o)
 .debug_aranges
                0x00001408       0x20 c:/users/natha/devtools/arm-gnu-toolchain-12.2.mpacbti-bet1-mingw-w64-i686-arm-none-eabi/bin/../lib/gcc/arm-none-eabi/12.2.0/thumb/v7e-m+fp/hard\libgcc.a(_arm_muldivdf3.o)
 .debug_aranges
                0x00001428       0x20 c:/users/natha/devtools/arm-gnu-toolchain-12.2.mpacbti-bet1-mingw-w64-i686-arm-none-eabi/bin/../lib/gcc/arm-none-eabi/12.2.0/thumb/v7e-m+fp/hard\libgcc.a(_arm_cmpdf2.o)
 .debug_aranges
                0x00001448       0x20 c:/users/natha/devtools/arm-gnu-toolchain-12.2.mpacbti-bet1-mingw-w64-i686-arm-none-eabi/bin/../lib/gcc/arm-none-eabi/12.2.0/thumb/v7e-m+fp/hard\libgcc.a(_arm_unorddf2.o)
 .debug_aranges
                0x00001468       0x20 c:/users/natha/devtools/arm-gnu-toolchain-12.2.mpacbti-bet1-mingw-w64-i686-arm-none-eabi/bin/../lib/gcc/arm-none-eabi/12.2.0/thumb/v7e-m+fp/hard\libgcc.a(_arm_fixunsdfsi.o)
 .debug_aranges
                0x00001488       0x20 c:/users/natha/devtools/arm-gnu-toolchain-12.2.mpacbti-bet1-mingw-w64-i686-arm-none-eabi/bin/../lib/gcc/arm-none-eabi/12.2.0/thumb/v7e-m+fp/hard\libgcc.a(_aeabi_uldivmod.o)
 .debug_aranges
                0x000014a8       0x20 c:/users/natha/devtools/arm-gnu-toolchain-12.2.mpacbti-bet1-mingw-w64-i686-arm-none-eabi/bin/../lib/gcc/arm-none-eabi/12.2.0/thumb/v7e-m+fp/hard\libgcc.a(_udivmoddi4.o)
 .debug_aranges
                0x000014c8       0x20 c:/users/natha/devtools/arm-gnu-toolchain-12.2.mpacbti-bet1-mingw-w64-i686-arm-none-eabi/bin/../lib/gcc/arm-none-eabi/12.2.0/thumb/v7e-m+fp/hard\libgcc.a(_dvmd_tls.o)
 .debug_aranges
                0x000014e8       0x20 c:/users/natha/devtools/arm-gnu-toolchain-12.2.mpacbti-bet1-mingw-w64-i686-arm-none-eabi/bin/../lib/gcc/arm-none-eabi/12.2.0/thumb/v7e-m+fp/hard\libc_nano.a(libc_a-errno.o)

.debug_ranges   0x00000000      0xf38
 .debug_ranges  0x00000000       0x60 build/main.o
 .debug_ranges  0x00000060       0x50 build/stm32f4xx_it.o
 .debug_ranges  0x000000b0       0x58 build/stm32f4xx_hal_msp.o
 .debug_ranges  0x00000108      0x3c0 build/stm32f4xx_hal_tim.o
 .debug_ranges  0x000004c8      0x158 build/stm32f4xx_hal_tim_ex.o
 .debug_ranges  0x00000620       0x90 build/stm32f4xx_hal_rcc.o
 .debug_ranges  0x000006b0       0x48 build/stm32f4xx_hal_gpio.o
 .debug_ranges  0x000006f8       0xc8 build/stm32f4xx_hal_cortex.o
 .debug_ranges  0x000007c0       0xe0 build/stm32f4xx_hal.o
 .debug_ranges  0x000008a0      0x208 build/stm32f4xx_hal_uart.o
 .debug_ranges  0x00000aa8       0x18 build/system_stm32f4xx.o
 .debug_ranges  0x00000ac0       0xd8 build/stm32f4xx_hal_adc.o
 .debug_ranges  0x00000b98       0x68 build/motor_functions.o
 .debug_ranges  0x00000c00       0x38 build/switches.o
 .debug_ranges  0x00000c38       0x38 build/mpu6050.o
 .debug_ranges  0x00000c70      0x2a8 build/stm32f4xx_hal_i2c.o
 .debug_ranges  0x00000f18       0x20 build/startup_stm32f401xe.o

.debug_line     0x00000000    0x1a953
 .debug_line    0x00000000      0x97d build/main.o
 .debug_line    0x0000097d      0x177 build/stm32f4xx_it.o
 .debug_line    0x00000af4      0x4e6 build/stm32f4xx_hal_msp.o
 .debug_line    0x00000fda     0x4994 build/stm32f4xx_hal_tim.o
 .debug_line    0x0000596e     0x1d14 build/stm32f4xx_hal_tim_ex.o
 .debug_line    0x00007682      0xb54 build/stm32f4xx_hal_rcc.o
 .debug_line    0x000081d6      0x6f0 build/stm32f4xx_hal_gpio.o
 .debug_line    0x000088c6      0x862 build/stm32f4xx_hal_cortex.o
 .debug_line    0x00009128      0x5b7 build/stm32f4xx_hal.o
 .debug_line    0x000096df     0x462c build/stm32f4xx_hal_uart.o
 .debug_line    0x0000dd0b      0x29f build/system_stm32f4xx.o
 .debug_line    0x0000dfaa     0x107d build/stm32f4xx_hal_adc.o
 .debug_line    0x0000f027      0x5a8 build/motor_functions.o
 .debug_line    0x0000f5cf      0x305 build/switches.o
 .debug_line    0x0000f8d4      0x694 build/mpu6050.o
 .debug_line    0x0000ff68     0x53eb build/stm32f4xx_hal_i2c.o
 .debug_line    0x00015353       0x76 build/startup_stm32f401xe.o
 .debug_line    0x000153c9      0x590 c:/users/natha/devtools/arm-gnu-toolchain-12.2.mpacbti-bet1-mingw-w64-i686-arm-none-eabi/bin/../lib/gcc/arm-none-eabi/12.2.0/thumb/v7e-m+fp/hard\libc_nano.a(libc_a-findfp.o)
 .debug_line    0x00015959      0x2c9 c:/users/natha/devtools/arm-gnu-toolchain-12.2.mpacbti-bet1-mingw-w64-i686-arm-none-eabi/bin/../lib/gcc/arm-none-eabi/12.2.0/thumb/v7e-m+fp/hard\libc_nano.a(libc_a-sprintf.o)
 .debug_line    0x00015c22      0x18e c:/users/natha/devtools/arm-gnu-toolchain-12.2.mpacbti-bet1-mingw-w64-i686-arm-none-eabi/bin/../lib/gcc/arm-none-eabi/12.2.0/thumb/v7e-m+fp/hard\libc_nano.a(libc_a-memset.o)
 .debug_line    0x00015db0      0x2f0 c:/users/natha/devtools/arm-gnu-toolchain-12.2.mpacbti-bet1-mingw-w64-i686-arm-none-eabi/bin/../lib/gcc/arm-none-eabi/12.2.0/thumb/v7e-m+fp/hard\libc_nano.a(libc_a-reent.o)
 .debug_line    0x000160a0      0x173 c:/users/natha/devtools/arm-gnu-toolchain-12.2.mpacbti-bet1-mingw-w64-i686-arm-none-eabi/bin/../lib/gcc/arm-none-eabi/12.2.0/thumb/v7e-m+fp/hard\libc_nano.a(libc_a-impure.o)
 .debug_line    0x00016213      0x18f c:/users/natha/devtools/arm-gnu-toolchain-12.2.mpacbti-bet1-mingw-w64-i686-arm-none-eabi/bin/../lib/gcc/arm-none-eabi/12.2.0/thumb/v7e-m+fp/hard\libc_nano.a(libc_a-init.o)
 .debug_line    0x000163a2      0x1ad c:/users/natha/devtools/arm-gnu-toolchain-12.2.mpacbti-bet1-mingw-w64-i686-arm-none-eabi/bin/../lib/gcc/arm-none-eabi/12.2.0/thumb/v7e-m+fp/hard\libc_nano.a(libc_a-lock.o)
 .debug_line    0x0001654f       0x4f c:/users/natha/devtools/arm-gnu-toolchain-12.2.mpacbti-bet1-mingw-w64-i686-arm-none-eabi/bin/../lib/gcc/arm-none-eabi/12.2.0/thumb/v7e-m+fp/hard\libc_nano.a(libc_a-strlen.o)
 .debug_line    0x0001659e      0x32e c:/users/natha/devtools/arm-gnu-toolchain-12.2.mpacbti-bet1-mingw-w64-i686-arm-none-eabi/bin/../lib/gcc/arm-none-eabi/12.2.0/thumb/v7e-m+fp/hard\libc_nano.a(libc_a-freer.o)
 .debug_line    0x000168cc      0x4f3 c:/users/natha/devtools/arm-gnu-toolchain-12.2.mpacbti-bet1-mingw-w64-i686-arm-none-eabi/bin/../lib/gcc/arm-none-eabi/12.2.0/thumb/v7e-m+fp/hard\libc_nano.a(libc_a-mallocr.o)
 .debug_line    0x00016dbf      0x206 c:/users/natha/devtools/arm-gnu-toolchain-12.2.mpacbti-bet1-mingw-w64-i686-arm-none-eabi/bin/../lib/gcc/arm-none-eabi/12.2.0/thumb/v7e-m+fp/hard\libc_nano.a(libc_a-mlock.o)